[     176ms] [INFO] %cDownload the React DevTools for a better development experience: https://react.dev/link/react-devtools font-weight:bold @ http://localhost:3002/_next/static/chunks/21a3_next_dist_1zk8tkg._.js:776
[     190ms] [LOG] [HMR] connected @ http://localhost:3002/_next/static/chunks/21a3_next_dist_1zk8tkg._.js:776
[     528ms] [LOG] [Fast Refresh] rebuilding @ http://localhost:3002/_next/static/chunks/21a3_next_dist_1zk8tkg._.js:776
[     994ms] [LOG] [Fast Refresh] done in 567ms @ http://localhost:3002/_next/static/chunks/21a3_next_dist_1zk8tkg._.js:776
[   85908ms] [LOG] [Fast Refresh] rebuilding @ http://localhost:3002/_next/static/chunks/21a3_next_dist_1zk8tkg._.js:776
[   85993ms] [LOG] [Fast Refresh] done in 186ms @ http://localhost:3002/_next/static/chunks/21a3_next_dist_1zk8tkg._.js:776
[  192736ms] [LOG] [Fast Refresh] rebuilding @ http://localhost:3002/_next/static/chunks/21a3_next_dist_1zk8tkg._.js:776
[  193602ms] [LOG] [Fast Refresh] done in 905ms @ http://localhost:3002/_next/static/chunks/21a3_next_dist_1zk8tkg._.js:776
[  230489ms] [LOG] [Fast Refresh] rebuilding @ http://localhost:3002/_next/static/chunks/21a3_next_dist_1zk8tkg._.js:776
[  230545ms] [LOG] [Fast Refresh] done in 158ms @ http://localhost:3002/_next/static/chunks/21a3_next_dist_1zk8tkg._.js:776
[  264362ms] [LOG] [Fast Refresh] rebuilding @ http://localhost:3002/_next/static/chunks/21a3_next_dist_1zk8tkg._.js:776
[  264535ms] [LOG] [Fast Refresh] done in 274ms @ http://localhost:3002/_next/static/chunks/21a3_next_dist_1zk8tkg._.js:776
[  264856ms] [LOG] [Fast Refresh] rebuilding @ http://localhost:3002/_next/static/chunks/21a3_next_dist_1zk8tkg._.js:776
[  264911ms] [LOG] [Fast Refresh] done in 155ms @ http://localhost:3002/_next/static/chunks/21a3_next_dist_1zk8tkg._.js:776
[  265150ms] [LOG] [Fast Refresh] rebuilding @ http://localhost:3002/_next/static/chunks/21a3_next_dist_1zk8tkg._.js:776
[  266268ms] [WARNING] [Fast Refresh] performing full reload

Fast Refresh will perform a full reload when you edit a file that's imported by modules outside of the React rendering tree.
You might have a file which exports a React component but also exports a value that is imported by a non-React component file.
Consider migrating the non-React component export to a separate file and importing it into both files.

It is also possible the parent component of the component you edited is a class component, which disables Fast Refresh.
Fast Refresh requires at least one parent function component in your React tree. @ http://localhost:3002/_next/static/chunks/21a3_next_dist_1zk8tkg._.js:776
[  266454ms] [LOG] [Fast Refresh] done in 1227ms @ http://localhost:3002/_next/static/chunks/21a3_next_dist_1zk8tkg._.js:776
[  266639ms] [INFO] %cDownload the React DevTools for a better development experience: https://react.dev/link/react-devtools font-weight:bold @ http://localhost:3002/_next/static/chunks/21a3_next_dist_1zk8tkg._.js:776
[  266660ms] [LOG] [HMR] connected @ http://localhost:3002/_next/static/chunks/21a3_next_dist_1zk8tkg._.js:776
[  336510ms] [LOG] [Fast Refresh] rebuilding @ http://localhost:3002/_next/static/chunks/21a3_next_dist_1zk8tkg._.js:776
[  336540ms] [LOG] [Fast Refresh] done in 131ms @ http://localhost:3002/_next/static/chunks/21a3_next_dist_1zk8tkg._.js:776
