[     117ms] [INFO] %cDownload the React DevTools for a better development experience: https://react.dev/link/react-devtools font-weight:bold @ http://localhost:3100/_next/static/chunks/21a3_next_dist_1zk8tkg._.js:776
[     127ms] [LOG] [HMR] connected @ http://localhost:3100/_next/static/chunks/21a3_next_dist_1zk8tkg._.js:776
[  220598ms] [INFO] %cDownload the React DevTools for a better development experience: https://react.dev/link/react-devtools font-weight:bold @ http://localhost:3100/_next/static/chunks/21a3_next_dist_1zk8tkg._.js:776
[  220611ms] [LOG] [HMR] connected @ http://localhost:3100/_next/static/chunks/21a3_next_dist_1zk8tkg._.js:776
[  232270ms] [LOG] [Fast Refresh] rebuilding @ http://localhost:3100/_next/static/chunks/21a3_next_dist_1zk8tkg._.js:776
[  232664ms] [LOG] [Fast Refresh] done in 496ms @ http://localhost:3100/_next/static/chunks/21a3_next_dist_1zk8tkg._.js:776
[  232867ms] [LOG] [Fast Refresh] rebuilding @ http://localhost:3100/_next/static/chunks/21a3_next_dist_1zk8tkg._.js:776
[  233001ms] [LOG] [Fast Refresh] done in 235ms @ http://localhost:3100/_next/static/chunks/21a3_next_dist_1zk8tkg._.js:776
[  261240ms] [INFO] %cDownload the React DevTools for a better development experience: https://react.dev/link/react-devtools font-weight:bold @ http://localhost:3100/_next/static/chunks/21a3_next_dist_1zk8tkg._.js:776
[  261250ms] [LOG] [HMR] connected @ http://localhost:3100/_next/static/chunks/21a3_next_dist_1zk8tkg._.js:776
[  301661ms] [LOG] [HMR] connected @ http://localhost:3100/_next/static/chunks/21a3_next_dist_1zk8tkg._.js:776
[  302512ms] [INFO] %cDownload the React DevTools for a better development experience: https://react.dev/link/react-devtools font-weight:bold @ http://localhost:3100/_next/static/chunks/21a3_next_dist_1zk8tkg._.js:776
[  302524ms] [LOG] [HMR] connected @ http://localhost:3100/_next/static/chunks/21a3_next_dist_1zk8tkg._.js:776
[  308132ms] [INFO] %cDownload the React DevTools for a better development experience: https://react.dev/link/react-devtools font-weight:bold @ http://localhost:3100/_next/static/chunks/21a3_next_dist_1zk8tkg._.js:776
[  308142ms] [LOG] [HMR] connected @ http://localhost:3100/_next/static/chunks/21a3_next_dist_1zk8tkg._.js:776
[  310151ms] [INFO] %cDownload the React DevTools for a better development experience: https://react.dev/link/react-devtools font-weight:bold @ http://localhost:3100/_next/static/chunks/21a3_next_dist_1zk8tkg._.js:776
[  310160ms] [LOG] [HMR] connected @ http://localhost:3100/_next/static/chunks/21a3_next_dist_1zk8tkg._.js:776
[  310448ms] [ERROR] Failed to load resource: the server responded with a status of 404 (Not Found) @ http://localhost:3100/api/orders?page=1&pageSize=5:0
[  311473ms] [ERROR] Failed to load resource: the server responded with a status of 404 (Not Found) @ http://localhost:3100/api/orders?page=1&pageSize=5:0
[  329150ms] [INFO] %cDownload the React DevTools for a better development experience: https://react.dev/link/react-devtools font-weight:bold @ http://localhost:3100/_next/static/chunks/21a3_next_dist_1zk8tkg._.js:776
[  329161ms] [LOG] [HMR] connected @ http://localhost:3100/_next/static/chunks/21a3_next_dist_1zk8tkg._.js:776
[  329354ms] [ERROR] Failed to load resource: the server responded with a status of 404 (Not Found) @ http://localhost:3100/api/orders?page=1&pageSize=5:0
[  330374ms] [ERROR] Failed to load resource: the server responded with a status of 404 (Not Found) @ http://localhost:3100/api/orders?page=1&pageSize=5:0
[ 1706618ms] [ERROR] Failed to load resource: the server responded with a status of 503 (Service Unavailable) @ http://localhost:3100/api/v1/notifications/feed/unread-count:0
[ 1706619ms] [ERROR] Failed to load resource: the server responded with a status of 503 (Service Unavailable) @ http://localhost:3100/api/v1/reporting/obligations/deadline-summary:0
