[     124ms] [INFO] %cDownload the React DevTools for a better development experience: https://react.dev/link/react-devtools font-weight:bold @ http://localhost:3002/_next/static/chunks/21a3_next_dist_1zk8tkg._.js:776
[     134ms] [LOG] [HMR] connected @ http://localhost:3002/_next/static/chunks/21a3_next_dist_1zk8tkg._.js:776
[   31318ms] [LOG] [Fast Refresh] rebuilding @ http://localhost:3002/_next/static/chunks/21a3_next_dist_1zk8tkg._.js:776
[   31894ms] [LOG] [Fast Refresh] done in 600ms @ http://localhost:3002/_next/static/chunks/21a3_next_dist_1zk8tkg._.js:776
[   53754ms] [LOG] [Fast Refresh] rebuilding @ http://localhost:3002/_next/static/chunks/21a3_next_dist_1zk8tkg._.js:776
[   53817ms] [LOG] [Fast Refresh] done in 35ms @ http://localhost:3002/_next/static/chunks/21a3_next_dist_1zk8tkg._.js:776
[  480495ms] [LOG] [Fast Refresh] rebuilding @ http://localhost:3002/_next/static/chunks/21a3_next_dist_1zk8tkg._.js:776
[  481426ms] [LOG] [Fast Refresh] done in 1031ms @ http://localhost:3002/_next/static/chunks/21a3_next_dist_1zk8tkg._.js:776
[  481498ms] [LOG] [Fast Refresh] done in 1031ms @ http://localhost:3002/_next/static/chunks/21a3_next_dist_1zk8tkg._.js:776
[  497881ms] [LOG] [Fast Refresh] rebuilding @ http://localhost:3002/_next/static/chunks/21a3_next_dist_1zk8tkg._.js:776
[  497970ms] [LOG] [Fast Refresh] done in 51ms @ http://localhost:3002/_next/static/chunks/21a3_next_dist_1zk8tkg._.js:776
[  672295ms] [LOG] [Fast Refresh] rebuilding @ http://localhost:3002/_next/static/chunks/21a3_next_dist_1zk8tkg._.js:776
[  672641ms] [LOG] [Fast Refresh] done in 417ms @ http://localhost:3002/_next/static/chunks/21a3_next_dist_1zk8tkg._.js:776
[  672981ms] [LOG] [Fast Refresh] done in 417ms @ http://localhost:3002/_next/static/chunks/21a3_next_dist_1zk8tkg._.js:776
[  858675ms] [LOG] [Fast Refresh] rebuilding @ http://localhost:3002/_next/static/chunks/21a3_next_dist_1zk8tkg._.js:776
[  860630ms] [LOG] [Fast Refresh] done in 2035ms @ http://localhost:3002/_next/static/chunks/21a3_next_dist_1zk8tkg._.js:776
[  860710ms] [LOG] [Fast Refresh] done in 2035ms @ http://localhost:3002/_next/static/chunks/21a3_next_dist_1zk8tkg._.js:776
[  896508ms] [LOG] [Fast Refresh] rebuilding @ http://localhost:3002/_next/static/chunks/21a3_next_dist_1zk8tkg._.js:776
[  896590ms] [LOG] [Fast Refresh] done in 184ms @ http://localhost:3002/_next/static/chunks/21a3_next_dist_1zk8tkg._.js:776
[  981123ms] [LOG] [Fast Refresh] rebuilding @ http://localhost:3002/_next/static/chunks/21a3_next_dist_1zk8tkg._.js:776
[  982053ms] [LOG] [Fast Refresh] done in 986ms @ http://localhost:3002/_next/static/chunks/21a3_next_dist_1zk8tkg._.js:776
[ 1018133ms] [LOG] [Fast Refresh] rebuilding @ http://localhost:3002/_next/static/chunks/21a3_next_dist_1zk8tkg._.js:776
[ 1018708ms] [LOG] [Fast Refresh] done in 626ms @ http://localhost:3002/_next/static/chunks/21a3_next_dist_1zk8tkg._.js:776
[ 1093745ms] [LOG] [Fast Refresh] done in 626ms @ http://localhost:3002/_next/static/chunks/21a3_next_dist_1zk8tkg._.js:776
[ 1131942ms] [LOG] [Fast Refresh] done in 626ms @ http://localhost:3002/_next/static/chunks/21a3_next_dist_1zk8tkg._.js:776
[ 1137915ms] [ERROR] Failed to load resource: the server responded with a status of 401 (Unauthorized) @ http://localhost:3002/api/v1/jira/remediation-webhooks/11111111-1111-4111-8111-111111111111:0
[ 1162402ms] [LOG] [Fast Refresh] rebuilding @ http://localhost:3002/_next/static/chunks/21a3_next_dist_1zk8tkg._.js:776
[ 1162477ms] [LOG] [Fast Refresh] done in 23ms @ http://localhost:3002/_next/static/chunks/21a3_next_dist_1zk8tkg._.js:776
[ 1162529ms] [LOG] [Fast Refresh] done in 23ms @ http://localhost:3002/_next/static/chunks/21a3_next_dist_1zk8tkg._.js:776
[ 1199472ms] [LOG] [Fast Refresh] done in 23ms @ http://localhost:3002/_next/static/chunks/21a3_next_dist_1zk8tkg._.js:776
[ 1351965ms] [LOG] [Fast Refresh] done in 23ms @ http://localhost:3002/_next/static/chunks/21a3_next_dist_1zk8tkg._.js:776
[ 1387618ms] [LOG] [Fast Refresh] done in 23ms @ http://localhost:3002/_next/static/chunks/21a3_next_dist_1zk8tkg._.js:776
[ 1409396ms] [LOG] [Fast Refresh] done in 23ms @ http://localhost:3002/_next/static/chunks/21a3_next_dist_1zk8tkg._.js:776
[ 1416628ms] [LOG] [Fast Refresh] done in 23ms @ http://localhost:3002/_next/static/chunks/21a3_next_dist_1zk8tkg._.js:776
[ 1432999ms] [LOG] [Fast Refresh] rebuilding @ http://localhost:3002/_next/static/chunks/21a3_next_dist_1zk8tkg._.js:776
[ 1433241ms] [LOG] [Fast Refresh] done in 253ms @ http://localhost:3002/_next/static/chunks/21a3_next_dist_1zk8tkg._.js:776
