[     325ms] [LOG] [Fast Refresh] rebuilding @ http://localhost:3011/_next/static/chunks/21a3_next_dist_1zk8tkg._.js:776
[     732ms] [LOG] [Fast Refresh] done in 508ms @ http://localhost:3011/_next/static/chunks/21a3_next_dist_1zk8tkg._.js:776
[    1539ms] [INFO] %cDownload the React DevTools for a better development experience: https://react.dev/link/react-devtools font-weight:bold @ http://localhost:3011/_next/static/chunks/21a3_next_dist_1zk8tkg._.js:776
[    1687ms] [LOG] [HMR] connected @ http://localhost:3011/_next/static/chunks/21a3_next_dist_1zk8tkg._.js:776
[   31803ms] [LOG] [Fast Refresh] rebuilding @ http://localhost:3011/_next/static/chunks/21a3_next_dist_1zk8tkg._.js:776
[   32907ms] [VERBOSE] [DOM] Input elements should have autocomplete attributes (suggested: "username"): (More info: https://goo.gl/9p2vKq) %o @ http://localhost:3011/connectors/webhooks:0
[   34999ms] [LOG] [Fast Refresh] done in 3307ms @ http://localhost:3011/_next/static/chunks/21a3_next_dist_1zk8tkg._.js:776
[  196909ms] [LOG] [Fast Refresh] rebuilding @ http://localhost:3011/_next/static/chunks/21a3_next_dist_1zk8tkg._.js:776
[  197815ms] [ERROR] Failed to load resource: the server responded with a status of 500 (Internal Server Error) @ http://localhost:3011/connectors/webhooks:0
[  393811ms] [INFO] %cDownload the React DevTools for a better development experience: https://react.dev/link/react-devtools font-weight:bold @ http://localhost:3011/_next/static/chunks/21a3_next_dist_1zk8tkg._.js:776
[  393860ms] [LOG] [HMR] connected @ http://localhost:3011/_next/static/chunks/21a3_next_dist_1zk8tkg._.js:776
[  394574ms] [LOG] [Fast Refresh] rebuilding @ http://localhost:3011/_next/static/chunks/21a3_next_dist_1zk8tkg._.js:776
[  394607ms] [ERROR] Failed to load resource: the server responded with a status of 404 (Not Found) @ http://localhost:3011/api/orders?page=1&pageSize=5:0
[  394683ms] [LOG] [Fast Refresh] done in 227ms @ http://localhost:3011/_next/static/chunks/21a3_next_dist_1zk8tkg._.js:776
[  395663ms] [ERROR] Failed to load resource: the server responded with a status of 404 (Not Found) @ http://localhost:3011/api/orders?page=1&pageSize=5:0
[  424610ms] [LOG] [Fast Refresh] rebuilding @ http://localhost:3011/_next/static/chunks/21a3_next_dist_1zk8tkg._.js:776
[  424805ms] [LOG] [Fast Refresh] done in 297ms @ http://localhost:3011/_next/static/chunks/21a3_next_dist_1zk8tkg._.js:776
[  437448ms] [INFO] %cDownload the React DevTools for a better development experience: https://react.dev/link/react-devtools font-weight:bold @ http://localhost:3011/_next/static/chunks/21a3_next_dist_1zk8tkg._.js:776
[  437466ms] [LOG] [HMR] connected @ http://localhost:3011/_next/static/chunks/21a3_next_dist_1zk8tkg._.js:776
[  437828ms] [ERROR] Failed to load resource: the server responded with a status of 404 (Not Found) @ http://localhost:3011/api/orders?page=1&pageSize=5:0
[  438863ms] [ERROR] Failed to load resource: the server responded with a status of 404 (Not Found) @ http://localhost:3011/api/orders?page=1&pageSize=5:0
[  446970ms] [LOG] [Fast Refresh] rebuilding @ http://localhost:3011/_next/static/chunks/21a3_next_dist_1zk8tkg._.js:776
[  447609ms] [INFO] %cDownload the React DevTools for a better development experience: https://react.dev/link/react-devtools font-weight:bold @ http://localhost:3011/_next/static/chunks/21a3_next_dist_1zk8tkg._.js:776
[  447620ms] [LOG] [HMR] connected @ http://localhost:3011/_next/static/chunks/21a3_next_dist_1zk8tkg._.js:776
[  501998ms] [INFO] %cDownload the React DevTools for a better development experience: https://react.dev/link/react-devtools font-weight:bold @ http://localhost:3011/_next/static/chunks/21a3_next_dist_1zk8tkg._.js:776
[  502012ms] [LOG] [HMR] connected @ http://localhost:3011/_next/static/chunks/21a3_next_dist_1zk8tkg._.js:776
[  502348ms] [LOG] [Fast Refresh] rebuilding @ http://localhost:3011/_next/static/chunks/21a3_next_dist_1zk8tkg._.js:776
[  502354ms] [ERROR] Failed to load resource: the server responded with a status of 404 (Not Found) @ http://localhost:3011/api/orders?page=1&pageSize=5:0
[  502435ms] [INFO] %cDownload the React DevTools for a better development experience: https://react.dev/link/react-devtools font-weight:bold @ http://localhost:3011/_next/static/chunks/21a3_next_dist_1zk8tkg._.js:776
[  502448ms] [LOG] [HMR] connected @ http://localhost:3011/_next/static/chunks/21a3_next_dist_1zk8tkg._.js:776
[  513412ms] [VERBOSE] [DOM] Password field is not contained in a form: (More info: https://goo.gl/9p2vKq) %o @ http://localhost:3011/connectors/webhooks:0
[  611322ms] [LOG] [Fast Refresh] rebuilding @ http://localhost:3011/_next/static/chunks/21a3_next_dist_1zk8tkg._.js:776
[  611340ms] [LOG] [Fast Refresh] done in 120ms @ http://localhost:3011/_next/static/chunks/21a3_next_dist_1zk8tkg._.js:776
[  624883ms] [LOG] [Fast Refresh] rebuilding @ http://localhost:3011/_next/static/chunks/21a3_next_dist_1zk8tkg._.js:776
[  625590ms] [LOG] [Fast Refresh] done in 808ms @ http://localhost:3011/_next/static/chunks/21a3_next_dist_1zk8tkg._.js:776
[  755310ms] [LOG] [Fast Refresh] rebuilding @ http://localhost:3011/_next/static/chunks/21a3_next_dist_1zk8tkg._.js:776
[  755328ms] [LOG] [Fast Refresh] done in 121ms @ http://localhost:3011/_next/static/chunks/21a3_next_dist_1zk8tkg._.js:776
[  773599ms] [ERROR] Failed to load resource: the server responded with a status of 401 (Unauthorized) @ http://localhost:3011/api/v1/reporting/obligations/deadline-summary:0
[  803636ms] [ERROR] Failed to load resource: the server responded with a status of 401 (Unauthorized) @ http://localhost:3011/api/v1/reporting/obligations/deadline-summary:0
[  833737ms] [ERROR] Failed to load resource: the server responded with a status of 401 (Unauthorized) @ http://localhost:3011/api/v1/reporting/obligations/deadline-summary:0
[  863823ms] [ERROR] Failed to load resource: the server responded with a status of 401 (Unauthorized) @ http://localhost:3011/api/v1/reporting/obligations/deadline-summary:0
[  893859ms] [ERROR] Failed to load resource: the server responded with a status of 401 (Unauthorized) @ http://localhost:3011/api/v1/reporting/obligations/deadline-summary:0
[  908509ms] [ERROR] WebSocket connection to 'ws://localhost:3011/_next/hmr?id=81hFqK_b5-sx5Kw3Fvs7y' failed: Error in connection establishment: net::ERR_CONNECTION_REFUSED @ http://localhost:3011/_next/static/chunks/21a3_next_dist_client_0z1fr-x._.js:16256
[  909511ms] [ERROR] WebSocket connection to 'ws://localhost:3011/_next/hmr?id=81hFqK_b5-sx5Kw3Fvs7y' failed: Error in connection establishment: net::ERR_CONNECTION_REFUSED @ http://localhost:3011/_next/static/chunks/21a3_next_dist_client_0z1fr-x._.js:16256
[  910513ms] [ERROR] WebSocket connection to 'ws://localhost:3011/_next/hmr?id=81hFqK_b5-sx5Kw3Fvs7y' failed: Error in connection establishment: net::ERR_CONNECTION_REFUSED @ http://localhost:3011/_next/static/chunks/21a3_next_dist_client_0z1fr-x._.js:16256
[  911515ms] [ERROR] WebSocket connection to 'ws://localhost:3011/_next/hmr?id=81hFqK_b5-sx5Kw3Fvs7y' failed: Error in connection establishment: net::ERR_CONNECTION_REFUSED @ http://localhost:3011/_next/static/chunks/21a3_next_dist_client_0z1fr-x._.js:16256
[  912521ms] [ERROR] WebSocket connection to 'ws://localhost:3011/_next/hmr?id=81hFqK_b5-sx5Kw3Fvs7y' failed: Error in connection establishment: net::ERR_CONNECTION_REFUSED @ http://localhost:3011/_next/static/chunks/21a3_next_dist_client_0z1fr-x._.js:16256
[  917528ms] [ERROR] WebSocket connection to 'ws://localhost:3011/_next/hmr?id=81hFqK_b5-sx5Kw3Fvs7y' failed: Error in connection establishment: net::ERR_CONNECTION_REFUSED @ http://localhost:3011/_next/static/chunks/21a3_next_dist_client_0z1fr-x._.js:16256
[  922536ms] [ERROR] WebSocket connection to 'ws://localhost:3011/_next/hmr?id=81hFqK_b5-sx5Kw3Fvs7y' failed: Error in connection establishment: net::ERR_CONNECTION_REFUSED @ http://localhost:3011/_next/static/chunks/21a3_next_dist_client_0z1fr-x._.js:16256
[  923866ms] [ERROR] Failed to load resource: net::ERR_CONNECTION_REFUSED @ http://localhost:3011/api/v1/reporting/obligations/deadline-summary:0
[  927556ms] [ERROR] WebSocket connection to 'ws://localhost:3011/_next/hmr?id=81hFqK_b5-sx5Kw3Fvs7y' failed: Error in connection establishment: net::ERR_CONNECTION_REFUSED @ http://localhost:3011/_next/static/chunks/21a3_next_dist_client_0z1fr-x._.js:16256
[  932589ms] [ERROR] WebSocket connection to 'ws://localhost:3011/_next/hmr?id=81hFqK_b5-sx5Kw3Fvs7y' failed: Error in connection establishment: net::ERR_CONNECTION_REFUSED @ http://localhost:3011/_next/static/chunks/21a3_next_dist_client_0z1fr-x._.js:16256
[  937642ms] [ERROR] WebSocket connection to 'ws://localhost:3011/_next/hmr?id=81hFqK_b5-sx5Kw3Fvs7y' failed: Error in connection establishment: net::ERR_CONNECTION_REFUSED @ http://localhost:3011/_next/static/chunks/21a3_next_dist_client_0z1fr-x._.js:16256
[  942750ms] [ERROR] WebSocket connection to 'ws://localhost:3011/_next/hmr?id=81hFqK_b5-sx5Kw3Fvs7y' failed: Error in connection establishment: net::ERR_CONNECTION_REFUSED @ http://localhost:3011/_next/static/chunks/21a3_next_dist_client_0z1fr-x._.js:16256
[  947880ms] [ERROR] WebSocket connection to 'ws://localhost:3011/_next/hmr?id=81hFqK_b5-sx5Kw3Fvs7y' failed: Error in connection establishment: net::ERR_CONNECTION_REFUSED @ http://localhost:3011/_next/static/chunks/21a3_next_dist_client_0z1fr-x._.js:16256
[  984415ms] [INFO] %cDownload the React DevTools for a better development experience: https://react.dev/link/react-devtools font-weight:bold @ http://localhost:3011/_next/static/chunks/21a3_next_dist_1zk8tkg._.js:776
[  984437ms] [LOG] [HMR] connected @ http://localhost:3011/_next/static/chunks/21a3_next_dist_1zk8tkg._.js:776
[  984663ms] [ERROR] Failed to load resource: the server responded with a status of 401 (Unauthorized) @ http://localhost:3011/api/v1/auth/session:0
[  984664ms] [ERROR] Failed to load resource: the server responded with a status of 401 (Unauthorized) @ http://localhost:3011/api/v1/permissions/effective:0
[  984666ms] [ERROR] Failed to load resource: the server responded with a status of 401 (Unauthorized) @ http://localhost:3011/api/v1/permissions/menu:0
[  984793ms] [ERROR] Failed to load resource: the server responded with a status of 401 (Unauthorized) @ http://localhost:3011/api/v1/auth/refresh:0
[ 1494355ms] [INFO] %cDownload the React DevTools for a better development experience: https://react.dev/link/react-devtools font-weight:bold @ http://localhost:3011/_next/static/chunks/21a3_next_dist_1zk8tkg._.js:776
[ 1494414ms] [LOG] [HMR] connected @ http://localhost:3011/_next/static/chunks/21a3_next_dist_1zk8tkg._.js:776
[ 1495258ms] [INFO] %cDownload the React DevTools for a better development experience: https://react.dev/link/react-devtools font-weight:bold @ http://localhost:3011/_next/static/chunks/21a3_next_dist_1zk8tkg._.js:776
[ 1495286ms] [LOG] [HMR] connected @ http://localhost:3011/_next/static/chunks/21a3_next_dist_1zk8tkg._.js:776
[ 1495672ms] [INFO] %cDownload the React DevTools for a better development experience: https://react.dev/link/react-devtools font-weight:bold @ http://localhost:3011/_next/static/chunks/21a3_next_dist_1zk8tkg._.js:776
[ 1495680ms] [LOG] [HMR] connected @ http://localhost:3011/_next/static/chunks/21a3_next_dist_1zk8tkg._.js:776
[ 1496269ms] [VERBOSE] [DOM] Password field is not contained in a form: (More info: https://goo.gl/9p2vKq) %o @ http://localhost:3011/connectors/webhooks:0
[ 1517983ms] [LOG] [Fast Refresh] rebuilding @ http://localhost:3011/_next/static/chunks/21a3_next_dist_1zk8tkg._.js:776
[ 1518232ms] [LOG] [Fast Refresh] done in 339ms @ http://localhost:3011/_next/static/chunks/21a3_next_dist_1zk8tkg._.js:776
[ 1518304ms] [LOG] [Fast Refresh] done in 359ms @ http://localhost:3011/_next/static/chunks/21a3_next_dist_1zk8tkg._.js:776
[ 1518562ms] [LOG] [Fast Refresh] done in 359ms @ http://localhost:3011/_next/static/chunks/21a3_next_dist_1zk8tkg._.js:776
[ 1519011ms] [LOG] [Fast Refresh] rebuilding @ http://localhost:3011/_next/static/chunks/21a3_next_dist_1zk8tkg._.js:776
[ 1519053ms] [LOG] [Fast Refresh] done in 29ms @ http://localhost:3011/_next/static/chunks/21a3_next_dist_1zk8tkg._.js:776
[ 1519098ms] [LOG] [Fast Refresh] done in 29ms @ http://localhost:3011/_next/static/chunks/21a3_next_dist_1zk8tkg._.js:776
[ 1546553ms] [LOG] [Fast Refresh] done in 29ms @ http://localhost:3011/_next/static/chunks/21a3_next_dist_1zk8tkg._.js:776
[ 1547303ms] [ERROR] Failed to load resource: the server responded with a status of 401 (Unauthorized) @ http://localhost:3011/api/v1/connectors/webhooks/531270d0-a9de-4aa6-af66-4e65f9896ee4/deliveries?page=1&pageSize=15:0
[ 1547345ms] [ERROR] Failed to load resource: the server responded with a status of 401 (Unauthorized) @ http://localhost:3011/api/v1/auth/refresh:0
[ 1547394ms] [LOG] [Fast Refresh] done in 29ms @ http://localhost:3011/_next/static/chunks/21a3_next_dist_1zk8tkg._.js:776
[ 1549523ms] [LOG] [Fast Refresh] done in 29ms @ http://localhost:3011/_next/static/chunks/21a3_next_dist_1zk8tkg._.js:776
[ 1549801ms] [LOG] [Fast Refresh] done in 29ms @ http://localhost:3011/_next/static/chunks/21a3_next_dist_1zk8tkg._.js:776
[ 1550361ms] [ERROR] Failed to load resource: the server responded with a status of 401 (Unauthorized) @ http://localhost:3011/api/v1/connectors/webhooks/531270d0-a9de-4aa6-af66-4e65f9896ee4/deliveries?page=1&pageSize=15:0
[ 1550381ms] [ERROR] Failed to load resource: the server responded with a status of 401 (Unauthorized) @ http://localhost:3011/api/v1/auth/refresh:0
[ 1550538ms] [LOG] [Fast Refresh] done in 29ms @ http://localhost:3011/_next/static/chunks/21a3_next_dist_1zk8tkg._.js:776
[ 1550777ms] [LOG] [Fast Refresh] done in 29ms @ http://localhost:3011/_next/static/chunks/21a3_next_dist_1zk8tkg._.js:776
[ 1551031ms] [LOG] [Fast Refresh] rebuilding @ http://localhost:3011/_next/static/chunks/21a3_next_dist_1zk8tkg._.js:776
[ 1552063ms] [LOG] [Fast Refresh] done in 1132ms @ http://localhost:3011/_next/static/chunks/21a3_next_dist_1zk8tkg._.js:776
[ 1553399ms] [ERROR] Failed to load resource: the server responded with a status of 401 (Unauthorized) @ http://localhost:3011/api/v1/connectors/webhooks/531270d0-a9de-4aa6-af66-4e65f9896ee4/deliveries?page=1&pageSize=15:0
[ 1553411ms] [ERROR] Failed to load resource: the server responded with a status of 401 (Unauthorized) @ http://localhost:3011/api/v1/auth/refresh:0
[ 1555451ms] [LOG] [Fast Refresh] rebuilding @ http://localhost:3011/_next/static/chunks/21a3_next_dist_1zk8tkg._.js:776
[ 1555736ms] [LOG] [Fast Refresh] done in 386ms @ http://localhost:3011/_next/static/chunks/21a3_next_dist_1zk8tkg._.js:776
[ 1556070ms] [ERROR] Failed to load resource: the server responded with a status of 401 (Unauthorized) @ http://localhost:3011/api/v1/reporting/obligations/deadline-summary:0
[ 1556422ms] [ERROR] Failed to load resource: the server responded with a status of 401 (Unauthorized) @ http://localhost:3011/api/v1/connectors/webhooks/531270d0-a9de-4aa6-af66-4e65f9896ee4/deliveries?page=1&pageSize=15:0
[ 1556443ms] [ERROR] Failed to load resource: the server responded with a status of 401 (Unauthorized) @ http://localhost:3011/api/v1/auth/refresh:0
[ 1558324ms] [LOG] [Fast Refresh] rebuilding @ http://localhost:3011/_next/static/chunks/21a3_next_dist_1zk8tkg._.js:776
[ 1558358ms] [LOG] [Fast Refresh] done in 135ms @ http://localhost:3011/_next/static/chunks/21a3_next_dist_1zk8tkg._.js:776
[ 1559460ms] [ERROR] Failed to load resource: the server responded with a status of 401 (Unauthorized) @ http://localhost:3011/api/v1/connectors/webhooks/531270d0-a9de-4aa6-af66-4e65f9896ee4/deliveries?page=1&pageSize=15:0
[ 1559472ms] [ERROR] Failed to load resource: the server responded with a status of 401 (Unauthorized) @ http://localhost:3011/api/v1/auth/refresh:0
[ 1562500ms] [ERROR] Failed to load resource: the server responded with a status of 401 (Unauthorized) @ http://localhost:3011/api/v1/connectors/webhooks/531270d0-a9de-4aa6-af66-4e65f9896ee4/deliveries?page=1&pageSize=15:0
[ 1562537ms] [ERROR] Failed to load resource: the server responded with a status of 401 (Unauthorized) @ http://localhost:3011/api/v1/auth/refresh:0
[ 1565552ms] [ERROR] Failed to load resource: the server responded with a status of 401 (Unauthorized) @ http://localhost:3011/api/v1/connectors/webhooks/531270d0-a9de-4aa6-af66-4e65f9896ee4/deliveries?page=1&pageSize=15:0
[ 1565582ms] [ERROR] Failed to load resource: the server responded with a status of 401 (Unauthorized) @ http://localhost:3011/api/v1/auth/refresh:0
[ 1568605ms] [ERROR] Failed to load resource: the server responded with a status of 401 (Unauthorized) @ http://localhost:3011/api/v1/connectors/webhooks/531270d0-a9de-4aa6-af66-4e65f9896ee4/deliveries?page=1&pageSize=15:0
[ 1568621ms] [ERROR] Failed to load resource: the server responded with a status of 401 (Unauthorized) @ http://localhost:3011/api/v1/auth/refresh:0
[ 1571629ms] [ERROR] Failed to load resource: the server responded with a status of 401 (Unauthorized) @ http://localhost:3011/api/v1/connectors/webhooks/531270d0-a9de-4aa6-af66-4e65f9896ee4/deliveries?page=1&pageSize=15:0
[ 1571641ms] [ERROR] Failed to load resource: the server responded with a status of 401 (Unauthorized) @ http://localhost:3011/api/v1/auth/refresh:0
[ 1574652ms] [ERROR] Failed to load resource: the server responded with a status of 401 (Unauthorized) @ http://localhost:3011/api/v1/connectors/webhooks/531270d0-a9de-4aa6-af66-4e65f9896ee4/deliveries?page=1&pageSize=15:0
[ 1574668ms] [ERROR] Failed to load resource: the server responded with a status of 401 (Unauthorized) @ http://localhost:3011/api/v1/auth/refresh:0
[ 1575726ms] [LOG] [Fast Refresh] rebuilding @ http://localhost:3011/_next/static/chunks/21a3_next_dist_1zk8tkg._.js:776
[ 1575936ms] [LOG] [Fast Refresh] done in 310ms @ http://localhost:3011/_next/static/chunks/21a3_next_dist_1zk8tkg._.js:776
[ 1577692ms] [ERROR] Failed to load resource: the server responded with a status of 401 (Unauthorized) @ http://localhost:3011/api/v1/connectors/webhooks/531270d0-a9de-4aa6-af66-4e65f9896ee4/deliveries?page=1&pageSize=15:0
[ 1577708ms] [ERROR] Failed to load resource: the server responded with a status of 401 (Unauthorized) @ http://localhost:3011/api/v1/auth/refresh:0
[ 1580745ms] [ERROR] Failed to load resource: the server responded with a status of 401 (Unauthorized) @ http://localhost:3011/api/v1/connectors/webhooks/531270d0-a9de-4aa6-af66-4e65f9896ee4/deliveries?page=1&pageSize=15:0
[ 1580792ms] [ERROR] Failed to load resource: the server responded with a status of 401 (Unauthorized) @ http://localhost:3011/api/v1/auth/refresh:0
[ 1583832ms] [ERROR] Failed to load resource: the server responded with a status of 401 (Unauthorized) @ http://localhost:3011/api/v1/connectors/webhooks/531270d0-a9de-4aa6-af66-4e65f9896ee4/deliveries?page=1&pageSize=15:0
[ 1583886ms] [ERROR] Failed to load resource: the server responded with a status of 401 (Unauthorized) @ http://localhost:3011/api/v1/auth/refresh:0
[ 1586074ms] [LOG] [Fast Refresh] rebuilding @ http://localhost:3011/_next/static/chunks/21a3_next_dist_1zk8tkg._.js:776
[ 1586200ms] [ERROR] Failed to load resource: the server responded with a status of 401 (Unauthorized) @ http://localhost:3011/api/v1/reporting/obligations/deadline-summary:0
[ 1586261ms] [LOG] [Fast Refresh] done in 290ms @ http://localhost:3011/_next/static/chunks/21a3_next_dist_1zk8tkg._.js:776
[ 1586902ms] [ERROR] Failed to load resource: the server responded with a status of 401 (Unauthorized) @ http://localhost:3011/api/v1/connectors/webhooks/531270d0-a9de-4aa6-af66-4e65f9896ee4/deliveries?page=1&pageSize=15:0
[ 1586943ms] [ERROR] Failed to load resource: the server responded with a status of 401 (Unauthorized) @ http://localhost:3011/api/v1/auth/refresh:0
[ 1589974ms] [ERROR] Failed to load resource: the server responded with a status of 401 (Unauthorized) @ http://localhost:3011/api/v1/connectors/webhooks/531270d0-a9de-4aa6-af66-4e65f9896ee4/deliveries?page=1&pageSize=15:0
[ 1589999ms] [ERROR] Failed to load resource: the server responded with a status of 401 (Unauthorized) @ http://localhost:3011/api/v1/auth/refresh:0
[ 1593027ms] [ERROR] Failed to load resource: the server responded with a status of 401 (Unauthorized) @ http://localhost:3011/api/v1/connectors/webhooks/531270d0-a9de-4aa6-af66-4e65f9896ee4/deliveries?page=1&pageSize=15:0
[ 1593060ms] [ERROR] Failed to load resource: the server responded with a status of 401 (Unauthorized) @ http://localhost:3011/api/v1/auth/refresh:0
[ 1596071ms] [ERROR] Failed to load resource: the server responded with a status of 401 (Unauthorized) @ http://localhost:3011/api/v1/connectors/webhooks/531270d0-a9de-4aa6-af66-4e65f9896ee4/deliveries?page=1&pageSize=15:0
[ 1596090ms] [ERROR] Failed to load resource: the server responded with a status of 401 (Unauthorized) @ http://localhost:3011/api/v1/auth/refresh:0
[ 1599133ms] [ERROR] Failed to load resource: the server responded with a status of 401 (Unauthorized) @ http://localhost:3011/api/v1/connectors/webhooks/531270d0-a9de-4aa6-af66-4e65f9896ee4/deliveries?page=1&pageSize=15:0
[ 1599199ms] [ERROR] Failed to load resource: the server responded with a status of 401 (Unauthorized) @ http://localhost:3011/api/v1/auth/refresh:0
[ 1602246ms] [ERROR] Failed to load resource: the server responded with a status of 401 (Unauthorized) @ http://localhost:3011/api/v1/connectors/webhooks/531270d0-a9de-4aa6-af66-4e65f9896ee4/deliveries?page=1&pageSize=15:0
[ 1602273ms] [ERROR] Failed to load resource: the server responded with a status of 401 (Unauthorized) @ http://localhost:3011/api/v1/auth/refresh:0
[ 1605284ms] [ERROR] Failed to load resource: the server responded with a status of 401 (Unauthorized) @ http://localhost:3011/api/v1/connectors/webhooks/531270d0-a9de-4aa6-af66-4e65f9896ee4/deliveries?page=1&pageSize=15:0
[ 1605306ms] [ERROR] Failed to load resource: the server responded with a status of 401 (Unauthorized) @ http://localhost:3011/api/v1/auth/refresh:0
[ 1608318ms] [ERROR] Failed to load resource: the server responded with a status of 401 (Unauthorized) @ http://localhost:3011/api/v1/connectors/webhooks/531270d0-a9de-4aa6-af66-4e65f9896ee4/deliveries?page=1&pageSize=15:0
[ 1608348ms] [ERROR] Failed to load resource: the server responded with a status of 401 (Unauthorized) @ http://localhost:3011/api/v1/auth/refresh:0
[ 1611371ms] [ERROR] Failed to load resource: the server responded with a status of 401 (Unauthorized) @ http://localhost:3011/api/v1/connectors/webhooks/531270d0-a9de-4aa6-af66-4e65f9896ee4/deliveries?page=1&pageSize=15:0
[ 1611411ms] [ERROR] Failed to load resource: the server responded with a status of 401 (Unauthorized) @ http://localhost:3011/api/v1/auth/refresh:0
[ 1614424ms] [ERROR] Failed to load resource: the server responded with a status of 401 (Unauthorized) @ http://localhost:3011/api/v1/connectors/webhooks/531270d0-a9de-4aa6-af66-4e65f9896ee4/deliveries?page=1&pageSize=15:0
[ 1614443ms] [ERROR] Failed to load resource: the server responded with a status of 401 (Unauthorized) @ http://localhost:3011/api/v1/auth/refresh:0
[ 1616209ms] [ERROR] Failed to load resource: the server responded with a status of 401 (Unauthorized) @ http://localhost:3011/api/v1/reporting/obligations/deadline-summary:0
[ 1617454ms] [ERROR] Failed to load resource: the server responded with a status of 401 (Unauthorized) @ http://localhost:3011/api/v1/connectors/webhooks/531270d0-a9de-4aa6-af66-4e65f9896ee4/deliveries?page=1&pageSize=15:0
[ 1617470ms] [ERROR] Failed to load resource: the server responded with a status of 401 (Unauthorized) @ http://localhost:3011/api/v1/auth/refresh:0
[ 1620208ms] [ERROR] WebSocket connection to 'ws://localhost:3011/_next/hmr?id=0z5aQ8v_ljaFLwmwEAltF' failed: Error in connection establishment: net::ERR_CONNECTION_REFUSED @ http://localhost:3011/_next/static/chunks/21a3_next_dist_client_0z1fr-x._.js:16256
[ 1620474ms] [ERROR] Failed to load resource: net::ERR_CONNECTION_REFUSED @ http://localhost:3011/api/v1/connectors/webhooks/531270d0-a9de-4aa6-af66-4e65f9896ee4/deliveries?page=1&pageSize=15:0
[ 1621209ms] [ERROR] WebSocket connection to 'ws://localhost:3011/_next/hmr?id=0z5aQ8v_ljaFLwmwEAltF' failed: Error in connection establishment: net::ERR_CONNECTION_REFUSED @ http://localhost:3011/_next/static/chunks/21a3_next_dist_client_0z1fr-x._.js:16256
[ 1622211ms] [ERROR] WebSocket connection to 'ws://localhost:3011/_next/hmr?id=0z5aQ8v_ljaFLwmwEAltF' failed: Error in connection establishment: net::ERR_CONNECTION_REFUSED @ http://localhost:3011/_next/static/chunks/21a3_next_dist_client_0z1fr-x._.js:16256
[ 1623212ms] [ERROR] WebSocket connection to 'ws://localhost:3011/_next/hmr?id=0z5aQ8v_ljaFLwmwEAltF' failed: Error in connection establishment: net::ERR_CONNECTION_REFUSED @ http://localhost:3011/_next/static/chunks/21a3_next_dist_client_0z1fr-x._.js:16256
[ 1623476ms] [ERROR] Failed to load resource: net::ERR_CONNECTION_REFUSED @ http://localhost:3011/api/v1/connectors/webhooks/531270d0-a9de-4aa6-af66-4e65f9896ee4/deliveries?page=1&pageSize=15:0
[ 1624215ms] [ERROR] WebSocket connection to 'ws://localhost:3011/_next/hmr?id=0z5aQ8v_ljaFLwmwEAltF' failed: Error in connection establishment: net::ERR_CONNECTION_REFUSED @ http://localhost:3011/_next/static/chunks/21a3_next_dist_client_0z1fr-x._.js:16256
[ 1626479ms] [ERROR] Failed to load resource: net::ERR_CONNECTION_REFUSED @ http://localhost:3011/api/v1/connectors/webhooks/531270d0-a9de-4aa6-af66-4e65f9896ee4/deliveries?page=1&pageSize=15:0
[ 1629220ms] [ERROR] WebSocket connection to 'ws://localhost:3011/_next/hmr?id=0z5aQ8v_ljaFLwmwEAltF' failed: Error in connection establishment: net::ERR_CONNECTION_REFUSED @ http://localhost:3011/_next/static/chunks/21a3_next_dist_client_0z1fr-x._.js:16256
[ 1629488ms] [ERROR] Failed to load resource: net::ERR_CONNECTION_REFUSED @ http://localhost:3011/api/v1/connectors/webhooks/531270d0-a9de-4aa6-af66-4e65f9896ee4/deliveries?page=1&pageSize=15:0
[ 1632495ms] [ERROR] Failed to load resource: net::ERR_CONNECTION_REFUSED @ http://localhost:3011/api/v1/connectors/webhooks/531270d0-a9de-4aa6-af66-4e65f9896ee4/deliveries?page=1&pageSize=15:0
[ 1634223ms] [ERROR] WebSocket connection to 'ws://localhost:3011/_next/hmr?id=0z5aQ8v_ljaFLwmwEAltF' failed: Error in connection establishment: net::ERR_CONNECTION_REFUSED @ http://localhost:3011/_next/static/chunks/21a3_next_dist_client_0z1fr-x._.js:16256
[ 1635498ms] [ERROR] Failed to load resource: net::ERR_CONNECTION_REFUSED @ http://localhost:3011/api/v1/connectors/webhooks/531270d0-a9de-4aa6-af66-4e65f9896ee4/deliveries?page=1&pageSize=15:0
[ 1638503ms] [ERROR] Failed to load resource: net::ERR_CONNECTION_REFUSED @ http://localhost:3011/api/v1/connectors/webhooks/531270d0-a9de-4aa6-af66-4e65f9896ee4/deliveries?page=1&pageSize=15:0
[ 1639226ms] [ERROR] WebSocket connection to 'ws://localhost:3011/_next/hmr?id=0z5aQ8v_ljaFLwmwEAltF' failed: Error in connection establishment: net::ERR_CONNECTION_REFUSED @ http://localhost:3011/_next/static/chunks/21a3_next_dist_client_0z1fr-x._.js:16256
[ 1641514ms] [ERROR] Failed to load resource: net::ERR_CONNECTION_REFUSED @ http://localhost:3011/api/v1/connectors/webhooks/531270d0-a9de-4aa6-af66-4e65f9896ee4/deliveries?page=1&pageSize=15:0
[ 1644235ms] [ERROR] WebSocket connection to 'ws://localhost:3011/_next/hmr?id=0z5aQ8v_ljaFLwmwEAltF' failed: Error in connection establishment: net::ERR_CONNECTION_REFUSED @ http://localhost:3011/_next/static/chunks/21a3_next_dist_client_0z1fr-x._.js:16256
[ 1644519ms] [ERROR] Failed to load resource: net::ERR_CONNECTION_REFUSED @ http://localhost:3011/api/v1/connectors/webhooks/531270d0-a9de-4aa6-af66-4e65f9896ee4/deliveries?page=1&pageSize=15:0
[ 1646217ms] [ERROR] Failed to load resource: net::ERR_CONNECTION_REFUSED @ http://localhost:3011/api/v1/reporting/obligations/deadline-summary:0
[ 1647525ms] [ERROR] Failed to load resource: net::ERR_CONNECTION_REFUSED @ http://localhost:3011/api/v1/connectors/webhooks/531270d0-a9de-4aa6-af66-4e65f9896ee4/deliveries?page=1&pageSize=15:0
[ 1649246ms] [ERROR] WebSocket connection to 'ws://localhost:3011/_next/hmr?id=0z5aQ8v_ljaFLwmwEAltF' failed: Error in connection establishment: net::ERR_CONNECTION_REFUSED @ http://localhost:3011/_next/static/chunks/21a3_next_dist_client_0z1fr-x._.js:16256
[ 1650535ms] [ERROR] Failed to load resource: net::ERR_CONNECTION_REFUSED @ http://localhost:3011/api/v1/connectors/webhooks/531270d0-a9de-4aa6-af66-4e65f9896ee4/deliveries?page=1&pageSize=15:0
[ 1654286ms] [LOG] [HMR] connected @ http://localhost:3011/_next/static/chunks/21a3_next_dist_1zk8tkg._.js:776
[ 1654826ms] [ERROR] Failed to load resource: the server responded with a status of 401 (Unauthorized) @ http://localhost:3011/api/v1/connectors/webhooks/531270d0-a9de-4aa6-af66-4e65f9896ee4/deliveries?page=1&pageSize=15:0
[ 1655583ms] [ERROR] Failed to load resource: the server responded with a status of 401 (Unauthorized) @ http://localhost:3011/api/v1/auth/refresh:0
[ 1657530ms] [INFO] %cDownload the React DevTools for a better development experience: https://react.dev/link/react-devtools font-weight:bold @ http://localhost:3011/_next/static/chunks/21a3_next_dist_1zk8tkg._.js:776
[ 1657923ms] [LOG] [HMR] connected @ http://localhost:3011/_next/static/chunks/21a3_next_dist_1zk8tkg._.js:776
[ 1659626ms] [ERROR] Failed to load resource: the server responded with a status of 401 (Unauthorized) @ http://localhost:3011/api/v1/permissions/menu:0
[ 1659627ms] [ERROR] Failed to load resource: the server responded with a status of 401 (Unauthorized) @ http://localhost:3011/api/v1/permissions/effective:0
[ 1659707ms] [ERROR] Failed to load resource: the server responded with a status of 401 (Unauthorized) @ http://localhost:3011/api/v1/auth/session:0
[ 1659843ms] [ERROR] Failed to load resource: the server responded with a status of 401 (Unauthorized) @ http://localhost:3011/api/v1/auth/refresh:0
[ 1807485ms] [ERROR] WebSocket connection to 'ws://localhost:3011/_next/hmr?id=33-rc0saA8Nj2Jgu7dWQR' failed: Error in connection establishment: net::ERR_CONNECTION_REFUSED @ http://localhost:3011/_next/static/chunks/21a3_next_dist_client_0z1fr-x._.js:16256
[ 1808487ms] [ERROR] WebSocket connection to 'ws://localhost:3011/_next/hmr?id=33-rc0saA8Nj2Jgu7dWQR' failed: Error in connection establishment: net::ERR_CONNECTION_REFUSED @ http://localhost:3011/_next/static/chunks/21a3_next_dist_client_0z1fr-x._.js:16256
[ 1809490ms] [ERROR] WebSocket connection to 'ws://localhost:3011/_next/hmr?id=33-rc0saA8Nj2Jgu7dWQR' failed: Error in connection establishment: net::ERR_CONNECTION_REFUSED @ http://localhost:3011/_next/static/chunks/21a3_next_dist_client_0z1fr-x._.js:16256
[ 1810494ms] [LOG] [HMR] connected @ http://localhost:3011/_next/static/chunks/21a3_next_dist_1zk8tkg._.js:776
[ 1811391ms] [INFO] %cDownload the React DevTools for a better development experience: https://react.dev/link/react-devtools font-weight:bold @ http://localhost:3011/_next/static/chunks/21a3_next_dist_1zk8tkg._.js:776
[ 1811418ms] [LOG] [HMR] connected @ http://localhost:3011/_next/static/chunks/21a3_next_dist_1zk8tkg._.js:776
[ 1811672ms] [ERROR] Failed to load resource: the server responded with a status of 401 (Unauthorized) @ http://localhost:3011/api/v1/permissions/menu:0
[ 1811673ms] [ERROR] Failed to load resource: the server responded with a status of 401 (Unauthorized) @ http://localhost:3011/api/v1/auth/session:0
[ 1811675ms] [ERROR] Failed to load resource: the server responded with a status of 401 (Unauthorized) @ http://localhost:3011/api/v1/permissions/effective:0
[ 1811729ms] [ERROR] Failed to load resource: the server responded with a status of 401 (Unauthorized) @ http://localhost:3011/api/v1/auth/refresh:0
[ 1826202ms] [LOG] [Fast Refresh] rebuilding @ http://localhost:3011/_next/static/chunks/21a3_next_dist_1zk8tkg._.js:776
[ 1826604ms] [LOG] [Fast Refresh] done in 505ms @ http://localhost:3011/_next/static/chunks/21a3_next_dist_1zk8tkg._.js:776
[ 1832517ms] [LOG] [Fast Refresh] rebuilding @ http://localhost:3011/_next/static/chunks/21a3_next_dist_1zk8tkg._.js:776
[ 1832573ms] [LOG] [Fast Refresh] done in 158ms @ http://localhost:3011/_next/static/chunks/21a3_next_dist_1zk8tkg._.js:776
[ 1885010ms] [ERROR] WebSocket connection to 'ws://localhost:3011/_next/hmr?id=VVcMZ9jSl29QoM21xqKIz' failed: Error in connection establishment: net::ERR_CONNECTION_REFUSED @ http://localhost:3011/_next/static/chunks/21a3_next_dist_client_0z1fr-x._.js:16256
[ 1886013ms] [ERROR] WebSocket connection to 'ws://localhost:3011/_next/hmr?id=VVcMZ9jSl29QoM21xqKIz' failed: Error in connection establishment: net::ERR_CONNECTION_REFUSED @ http://localhost:3011/_next/static/chunks/21a3_next_dist_client_0z1fr-x._.js:16256
[ 1887017ms] [ERROR] WebSocket connection to 'ws://localhost:3011/_next/hmr?id=VVcMZ9jSl29QoM21xqKIz' failed: Error in connection establishment: net::ERR_CONNECTION_REFUSED @ http://localhost:3011/_next/static/chunks/21a3_next_dist_client_0z1fr-x._.js:16256
[ 1888021ms] [ERROR] WebSocket connection to 'ws://localhost:3011/_next/hmr?id=VVcMZ9jSl29QoM21xqKIz' failed: Error in connection establishment: net::ERR_CONNECTION_REFUSED @ http://localhost:3011/_next/static/chunks/21a3_next_dist_client_0z1fr-x._.js:16256
[ 1889025ms] [ERROR] WebSocket connection to 'ws://localhost:3011/_next/hmr?id=VVcMZ9jSl29QoM21xqKIz' failed: Error in connection establishment: net::ERR_CONNECTION_REFUSED @ http://localhost:3011/_next/static/chunks/21a3_next_dist_client_0z1fr-x._.js:16256
[ 1894028ms] [ERROR] WebSocket connection to 'ws://localhost:3011/_next/hmr?id=VVcMZ9jSl29QoM21xqKIz' failed: Error in connection establishment: net::ERR_CONNECTION_REFUSED @ http://localhost:3011/_next/static/chunks/21a3_next_dist_client_0z1fr-x._.js:16256
[ 1899031ms] [ERROR] WebSocket connection to 'ws://localhost:3011/_next/hmr?id=VVcMZ9jSl29QoM21xqKIz' failed: Error in connection establishment: net::ERR_CONNECTION_REFUSED @ http://localhost:3011/_next/static/chunks/21a3_next_dist_client_0z1fr-x._.js:16256
[ 1904035ms] [ERROR] WebSocket connection to 'ws://localhost:3011/_next/hmr?id=VVcMZ9jSl29QoM21xqKIz' failed: Error in connection establishment: net::ERR_CONNECTION_REFUSED @ http://localhost:3011/_next/static/chunks/21a3_next_dist_client_0z1fr-x._.js:16256
[ 1909039ms] [ERROR] WebSocket connection to 'ws://localhost:3011/_next/hmr?id=VVcMZ9jSl29QoM21xqKIz' failed: Error in connection establishment: net::ERR_CONNECTION_REFUSED @ http://localhost:3011/_next/static/chunks/21a3_next_dist_client_0z1fr-x._.js:16256
[ 1914044ms] [ERROR] WebSocket connection to 'ws://localhost:3011/_next/hmr?id=VVcMZ9jSl29QoM21xqKIz' failed: Error in connection establishment: net::ERR_CONNECTION_REFUSED @ http://localhost:3011/_next/static/chunks/21a3_next_dist_client_0z1fr-x._.js:16256
[ 1919049ms] [ERROR] WebSocket connection to 'ws://localhost:3011/_next/hmr?id=VVcMZ9jSl29QoM21xqKIz' failed: Error in connection establishment: net::ERR_CONNECTION_REFUSED @ http://localhost:3011/_next/static/chunks/21a3_next_dist_client_0z1fr-x._.js:16256
[ 1924053ms] [ERROR] WebSocket connection to 'ws://localhost:3011/_next/hmr?id=VVcMZ9jSl29QoM21xqKIz' failed: Error in connection establishment: net::ERR_CONNECTION_REFUSED @ http://localhost:3011/_next/static/chunks/21a3_next_dist_client_0z1fr-x._.js:16256
