Creating shadow database...
Initialising schema...
Seeding globals from roles.sql...
Applying migration 20260809090000_baseline_privileges_and_helpers.sql...
NOTICE (42710): extension "pgcrypto" already exists, skipping
Applying migration 20260809090100_users_profile.sql...
NOTICE (00000): trigger "set_users_updated_at" for relation "public.users" does not exist, skipping
Applying migration 20260809090200_handle_new_user_trigger.sql...
NOTICE (00000): trigger "on_auth_user_created" for relation "auth.users" does not exist, skipping
NOTICE (00000): trigger "on_auth_user_email_changed" for relation "auth.users" does not exist, skipping
Applying migration 20260809090300_organizations_and_members.sql...
NOTICE (00000): trigger "set_organizations_updated_at" for relation "public.organizations" does not exist, skipping
NOTICE (00000): trigger "set_organization_members_updated_at" for relation "public.organization_members" does not exist, skipping
NOTICE (00000): trigger "enforce_last_owner_on_delete" for relation "public.organization_members" does not exist, skipping
NOTICE (00000): trigger "enforce_last_owner_on_update" for relation "public.organization_members" does not exist, skipping
NOTICE (00000): trigger "bump_epoch_on_membership_change" for relation "public.organization_members" does not exist, skipping
NOTICE (00000): trigger "bump_epoch_on_role_change" for relation "public.organization_members" does not exist, skipping
Applying migration 20260809090400_auth_login_attempts.sql...
NOTICE (00000): trigger "set_login_attempts_updated_at" for relation "public.auth_login_attempts" does not exist, skipping
Applying migration 20260809090500_auth_email_verifications.sql...
Applying migration 20260809090600_auth_recovery_tokens.sql...
Applying migration 20260809090700_auth_mfa_recovery_codes.sql...
Applying migration 20260809090800_rbac_custom_roles.sql...
NOTICE (00000): trigger "set_custom_roles_updated_at" for relation "public.custom_roles" does not exist, skipping
Applying migration 20260809090900_rbac_assignments_and_overrides.sql...
NOTICE (00000): trigger "set_brpo_updated_at" for relation "public.base_role_permission_overrides" does not exist, skipping
Applying migration 20260809091000_rbac_menu_permissions.sql...
Applying migration 20260809091100_permissions_version.sql...
NOTICE (00000): trigger "set_opv_updated_at" for relation "public.organization_permissions_version" does not exist, skipping
NOTICE (00000): trigger "init_permissions_version_on_org" for relation "public.organizations" does not exist, skipping
NOTICE (00000): trigger "bump_perms_on_members" for relation "public.organization_members" does not exist, skipping
NOTICE (00000): trigger "bump_perms_on_custom_roles" for relation "public.custom_roles" does not exist, skipping
NOTICE (00000): trigger "bump_perms_on_assignments" for relation "public.user_role_assignments" does not exist, skipping
NOTICE (00000): trigger "bump_perms_on_overrides" for relation "public.base_role_permission_overrides" does not exist, skipping
NOTICE (00000): trigger "bump_perms_on_menu" for relation "public.menu_permissions" does not exist, skipping
Applying migration 20260809091200_invitations.sql...
Applying migration 20260809091300_audit_logs.sql...
Applying migration 20260809091400_user_table_preferences.sql...
NOTICE (00000): trigger "set_utp_updated_at" for relation "public.user_table_preferences" does not exist, skipping
Applying migration 20260809091500_rls_helpers.sql...
Applying migration 20260809091600_rls_policies.sql...
NOTICE (00000): policy "users_select_self" for relation "public.users" does not exist, skipping
NOTICE (00000): policy "users_select_same_org" for relation "public.users" does not exist, skipping
NOTICE (00000): policy "users_update_self" for relation "public.users" does not exist, skipping
NOTICE (00000): policy "organizations_select_member" for relation "public.organizations" does not exist, skipping
NOTICE (00000): policy "organizations_update_admin" for relation "public.organizations" does not exist, skipping
NOTICE (00000): policy "org_members_select_same_org" for relation "public.organization_members" does not exist, skipping
NOTICE (00000): policy "org_members_write_admin" for relation "public.organization_members" does not exist, skipping
NOTICE (00000): policy "custom_roles_select_member" for relation "public.custom_roles" does not exist, skipping
NOTICE (00000): policy "custom_roles_write_admin" for relation "public.custom_roles" does not exist, skipping
NOTICE (00000): policy "ura_select_member" for relation "public.user_role_assignments" does not exist, skipping
NOTICE (00000): policy "ura_write_admin" for relation "public.user_role_assignments" does not exist, skipping
NOTICE (00000): policy "brpo_select_member" for relation "public.base_role_permission_overrides" does not exist, skipping
NOTICE (00000): policy "brpo_write_admin" for relation "public.base_role_permission_overrides" does not exist, skipping
NOTICE (00000): policy "menu_perms_select_member" for relation "public.menu_permissions" does not exist, skipping
NOTICE (00000): policy "menu_perms_write_admin" for relation "public.menu_permissions" does not exist, skipping
NOTICE (00000): policy "opv_select_member" for relation "public.organization_permissions_version" does not exist, skipping
NOTICE (00000): policy "invitations_admin_all" for relation "public.invitations" does not exist, skipping
NOTICE (00000): policy "audit_logs_select_admin" for relation "public.audit_logs" does not exist, skipping
NOTICE (00000): policy "utp_own_all" for relation "public.user_table_preferences" does not exist, skipping
Applying migration 20260809091700_rpc_grants.sql...
Applying migration 20260809091800_session_epoch_security_events_only.sql...
NOTICE (00000): trigger "bump_epoch_on_deactivation" for relation "public.users" does not exist, skipping
Applying migration 20260809091900_server_side_auth_gates.sql...
Applying migration 20260809103430_accept_invitation_atomic.sql...
Applying migration 20260809110914_verify_email_code_atomic.sql...
Applying migration 20260809111839_consume_password_reset.sql...
Applying migration 20260809113224_mfa_recovery_operations.sql...
NOTICE (00000): trigger "set_mfa_recovery_operations_updated_at" for relation "public.mfa_recovery_operations" does not exist, skipping
Applying migration 20260809143000_backfill_permissions_version.sql...
Applying migration 20260810120000_m1_organization_profile_onboarding.sql...
NOTICE (00000): constraint "organizations_legal_identity_digest_length" of relation "organizations" does not exist, skipping
NOTICE (00000): trigger "set_organization_legal_profiles_updated_at" for relation "public.organization_legal_profiles" does not exist, skipping
NOTICE (00000): trigger "set_organization_onboarding_updated_at" for relation "public.organization_onboarding" does not exist, skipping
NOTICE (00000): trigger "set_organization_onboarding_stages_updated_at" for relation "public.organization_onboarding_stages" does not exist, skipping
NOTICE (00000): trigger "set_organization_onboarding_evidence_updated_at" for relation "public.organization_onboarding_evidence" does not exist, skipping
NOTICE (00000): constraint "invitations_delivery_attempts_check" of relation "invitations" does not exist, skipping
NOTICE (00000): policy "organization_legal_profiles_select_member" for relation "public.organization_legal_profiles" does not exist, skipping
NOTICE (00000): policy "organization_onboarding_select_member" for relation "public.organization_onboarding" does not exist, skipping
NOTICE (00000): policy "organization_onboarding_stages_select_member" for relation "public.organization_onboarding_stages" does not exist, skipping
NOTICE (00000): policy "organization_onboarding_evidence_select_member" for relation "public.organization_onboarding_evidence" does not exist, skipping
Applying migration 20260810121500_m1_onboarding_evidence_attribution.sql...
Applying migration 20260810122000_m1_canonical_legal_profile_values.sql...
NOTICE (00000): trigger "normalize_m1_legal_profile_values" for relation "public.organization_legal_profiles" does not exist, skipping
NOTICE (00000): trigger "normalize_m1_organization_name_value" for relation "public.organizations" does not exist, skipping
Applying migration 20260810122500_m1_onboarding_initial_stage_audit.sql...
NOTICE (00000): trigger "audit_inserted_organization_onboarding_stage" for relation "public.organization_onboarding_stages" does not exist, skipping
Applying migration 20260810123000_m1_actor_foreign_key_indexes.sql...
Applying migration 20260810124500_m1_tenant_administration_foundation.sql...
NOTICE (00000): trigger "initialize_tenant_administration_state" for relation "public.organizations" does not exist, skipping
Applying migration 20260810125500_m1_tenant_administration_correctness.sql...
Applying migration 20260810130500_m1_tenant_administration_ledger_integrity.sql...
Applying migration 20260810131500_m1_tenant_administration_lifecycle_contract.sql...
Applying migration 20260810132000_m1_tenant_administration_lifecycle_normalizer_fix.sql...
Applying migration 20260810134000_m1_tenant_worker_and_lifecycle_coordination.sql...
Applying migration 20260810134100_m1_tenant_worker_type_generator_fix.sql...
Applying migration 20260810134200_m1_tenant_worker_export_catalog_alignment.sql...
Applying migration 20260810134300_m1_tenant_worker_permission_version_export_source.sql...
Applying migration 20260810134400_m1_tenant_export_record_snapshot.sql...
Applying migration 20260810134500_m1_tenant_export_snapshot_order_fix.sql...
Applying migration 20260810134600_m1_tenant_export_artifact_snapshot_regex_fix.sql...
NOTICE (00000): constraint "organization_export_artifact_snapshots_artifact_key_safe" of relation "organization_export_artifact_snapshots" does not exist, skipping
Applying migration 20260810140120_m1_tenant_export_redaction_stability.sql...
Applying migration 20260810140500_m1_tenant_administration_fk_indexes.sql...
Applying migration 20260811021455_m1_tenant_export_canonical_archive_path.sql...
Applying migration 20260811051914_m1_tenant_export_archive_path_required.sql...
Applying migration 20260811100000_m1_v2_multi_entity_branding.sql...
NOTICE (00000): trigger "set_organization_legal_entities_updated_at" for relation "public.organization_legal_entities" does not exist, skipping
NOTICE (42622): identifier "organization_legal_entity_dependency_authorities_reconciled_by_idx" will be truncated to "organization_legal_entity_dependency_authorities_reconciled_by_"
NOTICE (00000): trigger "set_organization_branding_assets_updated_at" for relation "public.organization_branding_assets" does not exist, skipping
NOTICE (00000): trigger "set_organization_branding_drafts_updated_at" for relation "public.organization_branding_drafts" does not exist, skipping
NOTICE (00000): trigger "initialize_organization_legal_entity_dependencies_on_insert" for relation "public.organization_legal_entities" does not exist, skipping
NOTICE (00000): trigger "ensure_default_legal_entity_for_profile_on_insert" for relation "public.organization_legal_profiles" does not exist, skipping
NOTICE (00000): trigger "enqueue_organization_branding_purge_storage_on_proof" for relation "public.organization_deletion_proofs" does not exist, skipping
Applying migration 20260811110000_m1_v2_export_snapshot_lock_alignment.sql...
Applying migration 20260811120000_m1_v2_branding_draft_logo_preview_fix.sql...
Applying migration 20260812140000_m2_product_release_registry.sql...
NOTICE (00000): trigger "set_products_updated_at" for relation "public.products" does not exist, skipping
NOTICE (00000): trigger "set_product_releases_updated_at" for relation "public.product_releases" does not exist, skipping
Applying migration 20260812141000_m2_product_registry_correctness.sql...
Applying migration 20260812142000_m2_product_registry_sql_safety.sql...
Applying migration 20260812143000_m2_product_export_registry.sql...
Applying migration 20260812144000_m2_product_export_snapshot_locks.sql...
Applying migration 20260812145000_m2_product_export_ordering.sql...
Applying migration 20260812150000_m1_v2_published_organization_theme_defaults.sql...
Applying migration 20260812151000_m2_v1_release_regulatory_foundation.sql...
NOTICE (00000): trigger "set_product_release_market_availability_updated_at" for relation "public.product_release_market_availability" does not exist, skipping
NOTICE (00000): trigger "enforce_product_release_regulatory_invariants" for relation "public.product_releases" does not exist, skipping
Applying migration 20260812152000_m2_v1_release_regulatory_commands.sql...
Applying migration 20260812153000_m2_v1_release_regulatory_exports.sql...
Applying migration 20260812154000_m2_v1_release_regulatory_lint.sql...
Applying migration 20260812155000_m2_v1_release_regulatory_privileges.sql...
Applying migration 20260813100000_m2_v1_minimize_regulatory_history.sql...
NOTICE (00000): table "product_release_market_availability_history" does not exist, skipping
NOTICE (00000): table "product_release_lifecycle_transitions" does not exist, skipping
NOTICE (00000): table "product_release_placed_on_market_corrections" does not exist, skipping
NOTICE (42P07): relation "product_release_regulatory_audit_timeline_idx" already exists, skipping
Applying migration 20260813101000_m2_v1_active_placement_availability.sql...
Applying migration 20260813102000_m2_v1_retired_availability_commands.sql...
Applying migration 20260813120000_m2_v1_product_support_periods.sql...
NOTICE (00000): constraint "organization_settings_support_alert_intervals_check" of relation "organization_settings" does not exist, skipping
Applying migration 20260813121000_m2_v1_product_support_periods_fix.sql...
Applying migration 20260813122000_m2_v1_retention_recalculation_hooks.sql...
NOTICE (00000): trigger "m2_recalculate_retention_after_release_change" for relation "public.product_releases" does not exist, skipping
NOTICE (00000): trigger "m2_recalculate_retention_after_legal_fact_change" for relation "public.product_lifecycle_dependency_facts" does not exist, skipping
Applying migration 20260813123000_m2_v1_retention_response_reason_normalization.sql...
Applying migration 20260813124000_m2_v1_initial_support_preview.sql...
Applying migration 20260813125000_m2_v1_preview_retention_dates.sql...
Applying migration 20260813125100_m2_v1_preview_retention_dates_fix.sql...
Applying migration 20260813125200_m2_v1_support_period_supersession_order.sql...
Applying migration 20260813125300_m2_v1_deferred_supersession_link.sql...
NOTICE (00000): trigger "product_support_period_supersession_link_trigger" for relation "public.product_support_periods" does not exist, skipping
Applying migration 20260813125400_m2_v1_retention_rpc_privilege.sql...
Applying migration 20260813125500_m2_v1_support_period_export_registry.sql...
Applying migration 20260813125600_m2_v1_support_period_export_registry_contract.sql...
Applying migration 20260813125700_m2_v1_support_period_updated_at_trigger.sql...
NOTICE (00000): trigger "set_product_support_periods_updated_at" for relation "public.product_support_periods" does not exist, skipping
Applying migration 20260813125800_m2_v1_support_period_command_idempotency.sql...
NOTICE (00000): constraint "product_support_periods_idempotency_digest_check" of relation "product_support_periods" does not exist, skipping
Applying migration 20260813125900_m2_v1_pure_retention_read.sql...
Applying migration 20260813130000_m2_v1_product_relationships.sql...
NOTICE (00000): trigger "set_software_baselines_updated_at" for relation "public.software_baselines" does not exist, skipping
NOTICE (00000): trigger "set_software_baseline_memberships_updated_at" for relation "public.software_baseline_release_memberships" does not exist, skipping
NOTICE (00000): trigger "set_product_relationships_updated_at" for relation "public.product_relationships" does not exist, skipping
Applying migration 20260813131000_m2_v1_relationship_graph_preview_fix.sql...
Applying migration 20260813132000_m2_v1_relationship_foreign_key_indexes.sql...
Applying migration 20260813133000_m2_v1_variant_function_lint_cleanup.sql...
Applying migration 20260814100000_m2_v1_relationship_correctness.sql...
Applying migration 20260814101000_m2_v1_relationship_event_leases.sql...
Applying migration 20260814104807_m2_v1_finding_impact_propagation.sql...
Applying migration 20260814105337_m2_v1_finding_propagation_commands.sql...
Applying migration 20260814105606_m2_v1_product_relationship_worker_boundary.sql...
Applying migration 20260814105837_m2_v1_finding_impact_api_commands.sql...
Applying migration 20260814105956_m2_v1_finding_propagation_lint_fix.sql...
Applying migration 20260814110126_m2_v1_finding_propagation_export_registry.sql...
Applying migration 20260814110219_m2_v1_finding_propagation_export_snapshot_lock.sql...
Applying migration 20260814110816_m2_v1_finding_source_override_lifecycle.sql...
Applying migration 20260814111416_m2_v1_finding_override_end.sql...
Applying migration 20260814111540_m2_v1_finding_lifecycle_dependency_guards.sql...
Applying migration 20260814111734_m2_v1_finding_source_update.sql...
Applying migration 20260814112258_m2_v1_finding_lifecycle_dependency_facts.sql...
NOTICE (00000): trigger "sync_finding_impact_product_dependency" for relation "public.finding_impact_associations" does not exist, skipping
NOTICE (00000): trigger "sync_finding_source_baseline_dependency" for relation "public.finding_propagation_sources" does not exist, skipping
Applying migration 20260814112451_m2_v1_finding_export_registry_reconcile.sql...
Applying migration 20260814112529_m2_v1_finding_source_status_race_guard.sql...
Applying migration 20260817093818_m2_v1_propagation_scale_and_lifecycle_consolidation.sql...
NOTICE (00000): function public.enqueue_finding_propagation_jobs_atomic(uuid,text,pg_catalog.int4,uuid,uuid,timestamptz) does not exist, skipping
Applying migration 20260817094611_m2_v1_propagation_checkpoint_lint_fix.sql...
Applying migration 20260817101116_m2_v1_propagation_fanout_history_checkpoint_fix.sql...
Applying migration 20260817120521_m2_v1_product_release_csv_import.sql...
Applying migration 20260817123824_m2_v1_product_import_durable_scheduler.sql...
NOTICE (00000): function public.list_due_product_import_organizations(pg_catalog.int4) does not exist, skipping
Applying migration 20260817124141_m2_v1_product_import_lint_safety.sql...
Applying migration 20260817124325_m2_v1_product_import_commit_guardrails.sql...
Applying migration 20260817124750_m2_v1_product_import_concurrency_revalidation.sql...
Applying migration 20260817124935_m2_v1_product_import_release_before_product_revalidation.sql...
Applying migration 20260817130801_m2_v1_product_import_empty_pagination.sql...
Applying migration 20260817132218_m2_v1_product_import_export_registry.sql...
Applying migration 20260817151835_m2_v2_substantial_modification_security_update_artifacts.sql...
NOTICE (42622): identifier "product_substantial_modification_assessment_supersession_pair_check" will be truncated to "product_substantial_modification_assessment_supersession_pair_c"
NOTICE (42622): identifier "product_substantial_modification_release_assessment_product_fkey" will be truncated to "product_substantial_modification_release_assessment_product_fke"
NOTICE (42622): identifier "product_substantial_modification_assessment_active_modification_key" will be truncated to "product_substantial_modification_assessment_active_modification"
NOTICE (42622): identifier "product_substantial_modification_assessment_actor_idempotency_key" will be truncated to "product_substantial_modification_assessment_actor_idempotency_k"
NOTICE (00000): trigger "m2_v2_enqueue_security_update_artifact_recalculations" for relation "public.product_support_periods" does not exist, skipping
Applying migration 20260817155703_m2_v2_check_tmp.sql...
Applying migration 20260817155707_m2_v2_security_update_artifact_contract_alignment.sql...
Applying migration 20260817155948_m2_v2_recalc_rpc_identifier_fix.sql...
NOTICE (00000): function public.recalculate_product_security_update_artifact_availability_atomi(uuid,uuid,uuid,uuid,uuid) does not exist, skipping
Applying migration 20260817160248_m2_v2_external_reference_reservation_flow.sql...
Applying migration 20260817160456_m2_v2_reserve_rpc_external_reference_signature.sql...
NOTICE (00000): function public.reserve_product_security_update_artifact_atomic(uuid,uuid,uuid,uuid,text,text,text,text,jsonb,text,text,text,pg_catalog.int8,text,timestamptz,uuid,uuid) does not exist, skipping
Applying migration 20260817160634_m2_v2_external_reference_integrity_state.sql...
Applying migration 20260817160757_m2_v2_external_reference_draft_constraint.sql...
Applying migration 20260817160813_m2_v2_external_artifact_worker_hardening.sql...
Applying migration 20260817161244_m2_v2_external_monitor_expiry_preservation.sql...
Applying migration 20260817161428_m2_v2_worker_authorized_rpcs.sql...
Applying migration 20260817161552_m2_v2_updated_at_triggers.sql...
Applying migration 20260817161704_m2_v2_shared_content_addressed_artifact_storage.sql...
Applying migration 20260817161908_m2_v2_reapply_shared_artifact_reservation.sql...
Applying migration 20260817162002_m2_v2_shared_object_key_constraint.sql...
Applying migration 20260817162041_m2_v2_drop_unique_shared_object_key.sql...
NOTICE (42622): identifier "product_security_update_artifacts_organization_id_object_key_key" will be truncated to "product_security_update_artifacts_organization_id_object_key_ke"
NOTICE (00000): constraint "product_security_update_artifact_organization_id_object_key_key" of relation "product_security_update_artifacts" does not exist, skipping
NOTICE (00000): constraint "product_security_update_artifacts_organization_id_object_key_ke" of relation "product_security_update_artifacts" does not exist, skipping
NOTICE (42P07): relation "product_security_update_artifacts_org_object_key_idx" already exists, skipping
Applying migration 20260817162115_m2_v2_drop_unique_shared_hash_object_key.sql...
NOTICE (00000): constraint "product_security_update_artif_organization_id_sha256_object_key" of relation "product_security_update_artifacts" does not exist, skipping
Applying migration 20260817162713_m2_v2_deferred_tenant_delete_foreign_keys.sql...
NOTICE (42622): identifier "product_substantial_modification_release_assessment_product_fkey" will be truncated to "product_substantial_modification_release_assessment_product_fke"
Applying migration 20260818100000_m2_v2_finalize_rpc_surface.sql...
Applying migration 20260819100000_m2_v2_close_implementation_gaps.sql...
NOTICE (00000): constraint "product_security_update_artifact_cleanup_pair_check" of relation "product_security_update_artifacts" does not exist, skipping
Applying migration 20260820100000_m2_v2_connector_sync_foundation.sql...
Applying migration 20260820110000_m2_v2_connector_sync_export_snapshot_lock.sql...
Applying migration 20260820120000_m2_v2_connector_sync_hardening.sql...
Applying migration 20260820130000_m2_v2_connector_sync_commit_transition_diagnostic.sql...
Applying migration 20260820140000_m2_v2_connector_sync_retry_transition.sql...
Applying migration 20260820150000_m2_v2_connector_sync_hierarchy_preview_result.sql...
Applying migration 20260820160000_m2_v2_connector_sync_value_function_stability.sql...
Applying migration 20260820170000_m3_sbom_intake_foundation.sql...
Applying migration 20260820171000_m3_sbom_ingest_jobs_updated_at.sql...
NOTICE (00000): trigger "set_sbom_ingest_jobs_updated_at" for relation "public.sbom_ingest_jobs" does not exist, skipping
Applying migration 20260820172000_m3_sbom_completion_idempotency.sql...
Applying migration 20260820173000_m3_sbom_legacy_completion_compatibility.sql...
Applying migration 20260820174000_m3_sbom_completion_access_and_replay_idempotency.sql...
Applying migration 20260821070557_m3_sbom_validation_persistence.sql...
NOTICE (00000): trigger "prevent_sbom_source_version_metadata_mutation" for relation "public.sbom_sources" does not exist, skipping
Applying migration 20260821115420_m3_sbom_validation_report_contract_alignment.sql...
NOTICE (42701): column "validator_schema_asset_sha256" of relation "sbom_ingest_jobs" already exists, skipping
NOTICE (00000): constraint "sbom_ingest_jobs_validator_schema_asset_sha256_check" of relation "sbom_ingest_jobs" does not exist, skipping
Applying migration 20260821115940_m3_sbom_validation_legacy_completion_time.sql...
Applying migration 20260821120738_m3_sbom_validation_atomic_completion.sql...
Applying migration 20260824071722_m3_sbom_streaming_normalization.sql...
Applying migration 20260824072320_m3_sbom_normalization_worker_boundaries.sql...
Applying migration 20260824072517_m3_sbom_normalization_rpc_contract_alignment.sql...
Applying migration 20260824073553_m3_sbom_component_identity_batch.sql...
Applying migration 20260824074149_m3_sbom_identity_batch_scaling.sql...
Applying migration 20260824074556_m3_sbom_normalized_export_registry.sql...
Applying migration 20260824075241_m3_sbom_normalization_job_state_alignment.sql...
Applying migration 20260824080121_m3_sbom_checkpoint_normalization_stages.sql...
Applying migration 20260824080219_m3_sbom_ingest_progress_stage_check.sql...
Applying migration 20260824080341_m3_sbom_completed_hash_replay.sql...
Applying migration 20260824080500_m3_sbom_completed_graph_replay.sql...
Applying migration 20260824080800_m3_sbom_retry_report_stability.sql...
Applying migration 20260824103000_m3_sbom_quality_reports.sql...
Applying migration 20260824112000_m3_sbom_quality_trigger_privileges.sql...
Applying migration 20260824113000_m3_sbom_quality_public_regression_shape.sql...
Applying migration 20260824113500_m3_sbom_quality_failure_codes.sql...
Applying migration 20260824114000_m3_sbom_quality_export_registry.sql...
Applying migration 20260824114500_m3_sbom_quality_rpc_shape_alignment.sql...
Applying migration 20260824121517_m3_sbom_lineage_diff.sql...
Applying migration 20260825090000_m3_sbom_deduplicated_finalization.sql...
NOTICE (00000): trigger "link_sbom_deduplicated_sources_after_document_created" for relation "public.sbom_documents" does not exist, skipping
Applying migration 20260825091000_m3_sbom_diff_persisted_identity_scan.sql...
Applying migration 20260825092000_m3_sbom_lineage_alias_race_guards.sql...
Applying migration 20260825100000_m3_sbom_diff_export_snapshot.sql...
Applying migration 20260825101000_m3_sbom_diff_export_snapshot_lock.sql...
Applying migration 20260825120000_m3_sbom_composite_supplier_intake.sql...
Applying migration 20260825121000_m3_sbom_composite_supplier_lint_repair.sql...
Applying migration 20260825122000_m3_sbom_composite_eligibility_projection_repair.sql...
Applying migration 20260825123000_m3_sbom_composite_projection_qualification_repair.sql...
Applying migration 20260825124000_m3_sbom_composite_security_repair.sql...
Applying migration 20260825125000_m3_sbom_composite_supplier_export_registry.sql...
Applying migration 20260825126000_m3_sbom_composite_provenance_contract_repair.sql...
NOTICE (00000): trigger "normalize_sbom_composite_conflict_candidates" for relation "public.sbom_composite_conflicts" does not exist, skipping
Applying migration 20260825127000_m3_sbom_composite_export_catalogue_format.sql...
Applying migration 20260825128000_m3_sbom_composite_claim_cpe_repair.sql...
Applying migration 20260826074453_m4_vulnerability_feed_mirror.sql...
Applying migration 20260826075141_m4_vulnerability_feed_mirror_repair.sql...
Applying migration 20260826075542_m4_vulnerability_feed_list_runs_null_filter.sql...
Applying migration 20260826075700_m4_vulnerability_feed_claim_ambiguity_repair.sql...
Applying migration 20260826075847_m4_vulnerability_feed_health_pagination_repair.sql...
NOTICE (42701): column "last_failure_at" of relation "vulnerability_feed_configs" already exists, skipping
Applying migration 20260826080448_m4_vulnerability_feed_updated_at_triggers.sql...
NOTICE (00000): trigger "set_vulnerability_feed_configs_updated_at" for relation "public.vulnerability_feed_configs" does not exist, skipping
NOTICE (00000): trigger "set_vulnerability_feed_sync_runs_updated_at" for relation "public.vulnerability_feed_sync_runs" does not exist, skipping
NOTICE (00000): trigger "set_vulnerabilities_updated_at" for relation "public.vulnerabilities" does not exist, skipping
NOTICE (00000): trigger "set_vulnerability_source_records_updated_at" for relation "public.vulnerability_source_records" does not exist, skipping
Applying migration 20260826082515_m4_vulnerability_feed_expired_lease_recovery.sql...
Applying migration 20260826092742_m4_purl_first_vulnerability_matching.sql...
NOTICE (42622): identifier "populate_vulnerability_affected_range_matching_keys_before_write" will be truncated to "populate_vulnerability_affected_range_matching_keys_before_writ"
Applying migration 20260826094246_m4_purl_first_vulnerability_matching_rpc_repair.sql...
Applying migration 20260826094616_m4_vulnerability_matching_reviewable_idempotency.sql...
Applying migration 20260826095552_m4_vulnerability_matching_diff_and_provenance_repair.sql...
Applying migration 20260826102000_m4_vulnerability_matching_completion_gates.sql...
Applying migration 20260826102500_m4_vulnerability_matching_accuracy_gate_lint_repair.sql...
Applying migration 20260826132625_m4_03_enrichment_kev_alerts.sql...
NOTICE (00000): trigger "set_vulnerability_kev_alerts_updated_at" for relation "public.vulnerability_kev_alerts" does not exist, skipping
NOTICE (00000): trigger "reconcile_kev_alert_after_finding_change" for relation "public.vulnerability_findings" does not exist, skipping
NOTICE (00000): trigger "reconcile_kev_alert_after_release_change" for relation "public.product_releases" does not exist, skipping
NOTICE (00000): trigger "reconcile_kev_alert_after_kev_source_change" for relation "public.vulnerability_source_records" does not exist, skipping
NOTICE (00000): trigger "reconcile_kev_alert_after_enrichment_change" for relation "public.vulnerability_enrichments" does not exist, skipping
Applying migration 20260826133647_m4_03_enrichment_kev_alerts_projection_repair.sql...
NOTICE (42701): column "triggering_finding_id" of relation "vulnerability_kev_alerts" already exists, skipping
Applying migration 20260826133918_m4_03_enrichment_contract_projection.sql...
Applying migration 20260826134030_m4_03_reporting_intent_idempotency.sql...
Applying migration 20260826134137_m4_03_intelligence_projection_wiring.sql...
Applying migration 20260826134332_m4_03_alert_reconciliation_and_kev_projection_repair.sql...
NOTICE (00000): trigger "fill_kev_alert_triggering_finding" for relation "public.vulnerability_kev_alerts" does not exist, skipping
NOTICE (42622): identifier "list_vulnerability_enriched_findings_for_document_page_intelligence" will be truncated to "list_vulnerability_enriched_findings_for_document_page_intellig"
NOTICE (42622): identifier "list_vulnerability_enriched_findings_for_document_page_intelligence" will be truncated to "list_vulnerability_enriched_findings_for_document_page_intellig"
NOTICE (42622): identifier "list_vulnerability_enriched_findings_for_document_page_intelligence" will be truncated to "list_vulnerability_enriched_findings_for_document_page_intellig"
NOTICE (42622): identifier "list_vulnerability_enriched_findings_for_document_page_intelligence" will be truncated to "list_vulnerability_enriched_findings_for_document_page_intellig"
NOTICE (42622): identifier "list_vulnerability_enriched_findings_for_document_page_intelligence" will be truncated to "list_vulnerability_enriched_findings_for_document_page_intellig"
Applying migration 20260826134408_m4_03_kev_reconcile_uuid_aggregate_repair.sql...
Applying migration 20260826134520_m4_03_kev_alert_notification_delivery.sql...
Applying migration 20260826134545_m4_03_kev_alert_privilege_tightening.sql...
Applying migration 20260827051453_m4_03_reporting_projection_repair.sql...
Applying migration 20260827052517_m4_03_delivery_completion_return_repair.sql...
Applying migration 20260827054500_m4_03_finding_kev_projection_repair.sql...
Applying migration 20260827060000_m4_03_derived_intelligence_normalization_repair.sql...
Applying migration 20260827111200_m4_03_non_applicable_alert_projection_repair.sql...
Applying migration 20260827121917_m4_04_cpe_fallback_and_reevaluation.sql...
NOTICE (00000): trigger "m4_04_source_version_matching_fingerprint_before_write" for relation "public.vulnerability_source_record_versions" does not exist, skipping
NOTICE (00000): trigger "set_vulnerability_reevaluation_jobs_updated_at" for relation "public.vulnerability_reevaluation_jobs" does not exist, skipping
NOTICE (00000): trigger "m4_04_enqueue_reevaluation_after_source_change" for relation "public.vulnerability_source_records" does not exist, skipping
Applying migration 20260827124210_m4_04_reevaluation_candidate_organization_repair.sql...
Applying migration 20260827130000_m4_04_human_verdict_evidence_repair.sql...
Applying migration 20260827131000_m4_04_cpe_projection_evidence_repair.sql...
Applying migration 20260827132000_m4_04_conservative_cpe_projection_repair.sql...
Applying migration 20260827150000_m4_06_offline_bundles_and_csaf.sql...
Applying migration 20260827150001_m4_06_offline_bundle_event_type_repair.sql...
Applying migration 20260827150002_m4_06_bundle_snapshot_age_repair.sql...
Applying migration 20260827150003_m4_06_vendor_csaf_operational_repairs.sql...
Applying migration 20260827150004_m4_06_source_snapshot_health_projection_repair.sql...
Applying migration 20260827150005_m4_06_csaf_conflict_projection.sql...
Applying migration 20260831101117_m4_07_reachability_and_advisory_review.sql...
Applying migration 20260831120000_m4_07_notification_rpc_repair.sql...
Applying migration 20260831120001_m4_07_due_notification_volatility_repair.sql...
Applying migration 20260831120002_m4_07_due_notification_function_name_repair.sql...
Applying migration 20260831120003_m4_07_reachability_source_version_invariant.sql...
Applying migration 20260831120004_m4_07_drop_truncated_notification_rpc.sql...
NOTICE (00000): function public.list_due_vulnerability_finding_review_notification_organization(pg_catalog.int4) does not exist, skipping
Applying migration 20260831120005_m4_07_reachability_export_registry.sql...
Applying migration 20260831120006_m4_07_revoke_trigger_helper_execution.sql...
Applying migration 20260902121956_m4_manual_vulnerability_findings.sql...
Applying migration 20260907073745_m5_triage_queue.sql...
Applying migration 20260907075911_m5_triage_queue_runtime_repair.sql...
Applying migration 20260907080232_m5_triage_queue_search_path_repair.sql...
Applying migration 20260907080310_m5_triage_detail_volatility.sql...
Applying migration 20260907090000_m5_triage_finding_state_filter.sql...
Applying migration 20260907091937_m5_triage_cursor_base64url_repair.sql...
Applying migration 20260907092501_m5_triage_detail_wire_key_repair.sql...
Applying migration 20260907092757_m5_triage_detail_lint_repair.sql...
Applying migration 20260907095929_m5_vex_assessments_approval.sql...
Applying migration 20260907123848_m5_bulk_assessment_propagation.sql...
NOTICE (42622): identifier "set_vulnerability_finding_assessment_bulk_operation_targets_updated_at" will be truncated to "set_vulnerability_finding_assessment_bulk_operation_targets_upd"
Applying migration 20260907124802_m5_bulk_assessment_propagation_repairs.sql...
Applying migration 20260907125235_m5_bulk_assessment_projection_repair2.sql...
NOTICE (42701): column "excluded_count" of relation "vulnerability_finding_assessment_bulk_operations" already exists, skipping
Applying migration 20260907125329_m5_bulk_assessment_queue_filter_repair.sql...
Applying migration 20260907125606_m5_bulk_assessment_excluded_targets_retry_repair.sql...
NOTICE (42622): identifier "vulnerability_finding_assessment_bulk_operation_targets_state_check" will be truncated to "vulnerability_finding_assessment_bulk_operation_targets_state_c"
Applying migration 20260907130000_m5_bulk_assessment_retry_command_repair.sql...
Applying migration 20260907130251_m5_bulk_preview_fresh_install_alignment.sql...
Applying migration 20260907130445_m5_bulk_undo_projection_alignment.sql...
Applying migration 20260907131554_m5_bulk_assessment_export_registry.sql...
Applying migration 20260907131754_m5_bulk_assessment_export_snapshot_lock.sql...
Applying migration 20260907131846_m5_bulk_assessment_export_snapshot_lock_case_repair.sql...
Applying migration 20260907131944_m5_bulk_assessment_export_snapshot_newline_repair.sql...
Applying migration 20260908090000_m5_suppression_sla.sql...
Applying migration 20260908090001_m5_triage_state_stability.sql...
Applying migration 20260908090002_m5_suppression_revision_history.sql...
Applying migration 20260908090003_m5_triage_permission_helper_repair.sql...
Applying migration 20260908090004_m5_triage_queue_vex_compatibility.sql...
Applying migration 20260908090005_m5_triage_state_updated_at_trigger.sql...
Applying migration 20260908090006_m5_triage_export_registry.sql...
Applying migration 20260908090007_m5_triage_sla_lifecycle_repair.sql...
Applying migration 20260908090008_m5_triage_sla_policy_prospective_read_repair.sql...
Applying migration 20260908093813_m5_remediation_anchors_reintroduction.sql...
NOTICE (00000): trigger "m5_remediation_detect_reintroduced_finding" for relation "public.vulnerability_findings" does not exist, skipping
Applying migration 20260908095440_m5_remediation_anchor_outbox_contract_repair.sql...
Applying migration 20260908122058_m5_vex_export_publication.sql...
Applying migration 20260908124713_m5_vex_export_detail_compatibility.sql...
Applying migration 20260908125249_m5_vex_publication_job_projection_repair.sql...
Applying migration 20260908130431_m5_vex_publication_jobs_updated_at_trigger.sql...
Applying migration 20260908130810_m5_vex_export_archive_registry.sql...
Applying migration 20260908133642_m5_vex_export_scope_version_initial_revision.sql...
Applying migration 20260909053217_m5_vex_publication_expired_lease_discovery.sql...
Applying migration 20260909054115_m5_vex_publication_manual_retry_attempt_reset.sql...
Applying migration 20260909070833_m5_triage_notes_mentions.sql...
Applying migration 20260909075304_m5_triage_notes_updated_at.sql...
NOTICE (00000): trigger "set_vulnerability_finding_notes_updated_at" for relation "public.vulnerability_finding_notes" does not exist, skipping
Applying migration 20260909080600_m5_triage_notes_cursor_fix.sql...
Applying migration 20260909090244_m2_product_legal_entity_snapshot_compatibility.sql...
Applying migration 20260909090919_m2_product_legal_entity_snapshot_inactive_compatibility.sql...
Applying migration 20260909093001_m6_reporting_obligations.sql...
NOTICE (42701): column "rule_snapshot" of relation "reporting_obligations" already exists, skipping
NOTICE (42701): column "cancelled_at" of relation "reporting_obligations" already exists, skipping
NOTICE (42701): column "cancelled_by_user_id" of relation "reporting_obligations" already exists, skipping
NOTICE (42701): column "cancellation_reason" of relation "reporting_obligations" already exists, skipping
NOTICE (00000): constraint "reporting_obligations_awareness_at_check" of relation "reporting_obligations" does not exist, skipping
NOTICE (00000): trigger "set_reporting_obligations_updated_at" for relation "public.reporting_obligations" does not exist, skipping
NOTICE (42701): column "created_at" of relation "reporting_obligation_stages" already exists, skipping
NOTICE (42701): column "updated_at" of relation "reporting_obligation_stages" already exists, skipping
NOTICE (00000): constraint "reporting_obligation_stages_obligation_id_stage_kind_key" of relation "reporting_obligation_stages" does not exist, skipping
NOTICE (00000): trigger "set_reporting_obligation_stages_updated_at" for relation "public.reporting_obligation_stages" does not exist, skipping
NOTICE (42701): column "old_value" of relation "reporting_obligation_events" already exists, skipping
NOTICE (42701): column "new_value" of relation "reporting_obligation_events" already exists, skipping
NOTICE (42701): column "correlation_id" of relation "reporting_obligation_events" already exists, skipping
NOTICE (00000): constraint "reporting_obligation_events_organization_id_event_key_key" of relation "reporting_obligation_events" does not exist, skipping
Applying migration 20260909120646_m6_deadline_monitoring.sql...
NOTICE (00000): constraint "reporting_obligation_stages_deadline_revision_check" of relation "reporting_obligation_stages" does not exist, skipping
NOTICE (00000): trigger "set_reporting_deadline_alert_deliveries_updated_at" for relation "public.reporting_deadline_alert_deliveries" does not exist, skipping
NOTICE (00000): function public.fail_reporting_deadline_alert_delivery_atomic(uuid,uuid,text,pg_catalog.int4,text,pg_catalog.bool) does not exist, skipping
Applying migration 20260909121654_m6_deadline_monitoring_contract_alignment.sql...
NOTICE (42701): column "idempotency_key" of relation "reporting_deadline_alerts" already exists, skipping
Applying migration 20260909121849_m6_deadline_monitoring_volatility_fix.sql...
Applying migration 20260909122202_m6_deadline_monitoring_anchor_catchup.sql...
Applying migration 20260909123942_m6_deadline_monitor_health_updated_at.sql...
NOTICE (00000): trigger "set_reporting_deadline_monitor_health_updated_at" for relation "public.reporting_deadline_monitor_health" does not exist, skipping
Applying migration 20260909124136_m6_deadline_export_registry_alignment.sql...
Applying migration 20260909124459_m6_deadline_delivery_details_contract_alignment.sql...
Applying migration 20260910100000_m6_reporting_stage_drafts.sql...
Applying migration 20260910110000_m6_stage_draft_contract_alignment.sql...
NOTICE (42701): column "description" of relation "reporting_family_templates" already exists, skipping
NOTICE (00000): function public.create_reporting_family_template_atomic(uuid,uuid,text,text,text,jsonb,uuid,uuid) does not exist, skipping
Applying migration 20260910120000_m6_template_description_alignment.sql...
NOTICE (42701): column "description" of relation "reporting_family_templates" already exists, skipping
NOTICE (00000): function public.create_reporting_family_template_atomic(uuid,uuid,text,text,text,jsonb,uuid,uuid) does not exist, skipping
Applying migration 20260910130000_m6_stage_draft_runtime_alignment.sql...
Applying migration 20260910150000_m6_template_validation_alignment.sql...
Applying migration 20260910160000_m6_stage_draft_submission_integrity.sql...
Applying migration 20260910161000_m6_template_review_payload_repair.sql...
Applying migration 20260910170000_m6_report_approval_reauthentication.sql...
Applying migration 20260910171000_m6_report_approval_close_legacy_bypass.sql...
Applying migration 20260910172000_m6_reporting_permission_preserve_view.sql...
Applying migration 20260910180000_m6_manual_submission_evidence.sql...
Applying migration 20260910181000_m6_manual_submission_evidence_repair.sql...
Applying migration 20260910182000_m6_manual_submission_evidence_path_repair.sql...
Applying migration 20260910183000_m6_reporting_evidence_api_completion.sql...
Applying migration 20260910184000_m6_reporting_draft_approval_contract.sql...
Applying migration 20260910185000_m6_reporting_submission_recorded_at.sql...
Applying migration 20260911110000_m6_reporting_rehearsals.sql...
NOTICE (00000): trigger "m6_reporting_obligation_rehearsal_inheritance" for relation "public.reporting_obligations" does not exist, skipping
NOTICE (00000): trigger "m6_reporting_event_rehearsal_inheritance" for relation "public.reporting_obligation_events" does not exist, skipping
NOTICE (00000): trigger "m6_reporting_package_rehearsal_inheritance" for relation "public.reporting_stage_packages" does not exist, skipping
NOTICE (00000): trigger "m6_reporting_submission_rehearsal_inheritance" for relation "public.reporting_stage_submissions" does not exist, skipping
NOTICE (00000): trigger "m6_reporting_acknowledgement_rehearsal_inheritance" for relation "public.reporting_stage_submission_acknowledgements" does not exist, skipping
NOTICE (00000): trigger "m6_reporting_evidence_pack_rehearsal_inheritance" for relation "public.reporting_obligation_evidence_packs" does not exist, skipping
Applying migration 20260914120000_m7_annex_vii_technical_files.sql...
Applying migration 20260914130000_m7_structured_cybersecurity_risk_register.sql...
Applying migration 20260914140000_m7_version_pinned_evidence_readiness.sql...
Applying migration 20260914141000_m7_evidence_readiness_contract_alignment.sql...
NOTICE (42701): column "link_version" of relation "technical_file_section_sources" already exists, skipping
Applying migration 20260914142000_m7_evidence_source_projection.sql...
Applying migration 20260914143000_m7_evidence_review_idempotency.sql...
Applying migration 20260914144000_m7_evidence_idempotency_lock.sql...
Applying migration 20260914145000_m7_evidence_reverse_link_contract.sql...
Applying migration 20260914146000_m7_evidence_manual_review_repair.sql...
Applying migration 20260914147000_m7_technical_file_snapshots_exports.sql...
Applying migration 20260914147100_m7_snapshot_contract_alignment.sql...
Applying migration 20260914147200_m7_snapshot_integrity_repair.sql...
NOTICE (00000): trigger "technical_file_snapshot_immutable" for relation "public.technical_file_snapshots" does not exist, skipping
Applying migration 20260914147300_m7_snapshot_alias_repair.sql...
Applying migration 20260914147400_m7_snapshot_consistency_repair.sql...
Applying migration 20260914147500_m7_snapshot_timestamp_repair.sql...
Applying migration 20260914147600_m7_snapshot_download_audit_after_signing.sql...
Applying migration 20260914147610_m7_snapshot_tenant_locking_hardening.sql...
Applying migration 20260914147620_m7_snapshot_review_lock_column_repair.sql...
Applying migration 20260915010000_m7_versioned_declarations_of_conformity.sql...
Applying migration 20260915082605_m7_declaration_contract_alignment.sql...
Applying migration 20260915083006_m7_declaration_contract_reissue_fix.sql...
Applying migration 20260915085128_m7_declaration_reissue_only_after_issue.sql...
Applying migration 20260915091634_m7_scoped_auditor_snapshot_access.sql...
Applying migration 20260915091928_m7_auditor_grant_lint_repair.sql...
Applying migration 20260915092201_m7_auditor_contract_alignment.sql...
NOTICE (42622): identifier "technical_file_auditor_snapshot_grants_recipient_reference_check" will be truncated to "technical_file_auditor_snapshot_grants_recipient_reference_chec"
Applying migration 20260915092904_m7_auditor_permission_key_repair.sql...
Applying migration 20260916052504_m7_auditor_preview_permission_repair.sql...
Applying migration 20260916055119_m7_auditor_redemption_version_repair.sql...
Applying migration 20260916110000_m8_evidence_intake_foundation.sql...
Applying migration 20260916113000_m8_evidence_cascade_repair.sql...
Applying migration 20260916114000_m8_evidence_notification_delivery.sql...
Applying migration 20260917110000_m8_evidence_versions_verified_delivery.sql...
Applying migration 20260917111000_m8_evidence_access_grant_constraint_names.sql...
Applying migration 20260917112000_m8_evidence_version_list_contract.sql...
Applying migration 20260917113000_m8_evidence_integrity_grant_terminal.sql...
Applying migration 20260917114000_m8_evidence_integrity_notification_contract.sql...
Applying migration 20260917115000_m8_evidence_access_grant_version_document_fk.sql...
Applying migration 20260918100000_m8_evidence_ocr_search.sql...
Applying migration 20260918101500_m8_evidence_ocr_search_grants.sql...
Applying migration 20260918110000_m8_04_evidence_validity_reuse_alerts.sql...
Applying migration 20260918110500_m8_04_evidence_reuse_claim_contract_fix.sql...
Applying migration 20260921120000_m8_05_evidence_retention_deletion_holds.sql...
Applying migration 20260921123000_m8_05_retention_rpc_contract_alignment.sql...
Applying migration 20260921124000_m8_05_redeem_lint_fix.sql...
Applying migration 20260921124500_m8_05_refresh_projection_lint_fix.sql...
Applying migration 20260921125000_m8_05_retention_review_rpc_alignment.sql...
Applying migration 20260921130000_m8_06_bulk_intake_watermark_exports.sql...
Applying migration 20260921131000_m8_06_contract_alignment.sql...
NOTICE (42701): column "access_mode" of relation "evidence_document_watermark_export_access_grants" already exists, skipping
Applying migration 20260921132000_m8_06_retry_scope_alignment.sql...
Applying migration 20260921133000_m8_06_plpgsql_conflict_alignment.sql...
Applying migration 20260921134000_m8_06_bulk_rpc_body_alignment.sql...
Applying migration 20260921135000_m8_06_watermark_token_replay.sql...
Applying migration 20260921136000_m8_06_watermark_redeem_mode_hardening.sql...
Applying migration 20260921137000_m8_06_server_derived_classification.sql...
Applying migration 20260921138000_m8_06_bulk_owner_scope_hardening.sql...
Applying migration 20260921140000_m8_06_watermark_digest_alignment.sql...
Applying migration 20260921141000_m8_06_advisor_hardening.sql...
NOTICE (00000): policy "evidence_bulk_intake_batches_service_only" for relation "public.evidence_bulk_intake_batches" does not exist, skipping
NOTICE (00000): policy "evidence_bulk_intake_items_service_only" for relation "public.evidence_bulk_intake_items" does not exist, skipping
NOTICE (00000): policy "evidence_bulk_intake_attempts_service_only" for relation "public.evidence_bulk_intake_attempts" does not exist, skipping
NOTICE (00000): policy "evidence_document_watermark_exports_service_only" for relation "public.evidence_document_watermark_exports" does not exist, skipping
NOTICE (00000): policy "evidence_document_watermark_access_service_only" for relation "public.evidence_document_watermark_export_access_grants" does not exist, skipping
Applying migration 20260921150000_m8_06_bulk_completion_failure_code.sql...
Applying migration 20260921160000_m8_06_remove_stale_bulk_retry_overload.sql...
NOTICE (00000): function public.retry_evidence_bulk_intake_item_atomic(uuid,uuid,uuid,uuid,uuid,uuid,text,timestamptz,text) does not exist, skipping
Applying migration 20260921170000_m9_supplier_registry.sql...
Applying migration 20260921171000_m9_02_supplier_evidence_portal.sql...
Applying migration 20260921172000_m9_02_supplier_evidence_runtime_alignment.sql...
Applying migration 20260922052728_m9_02_supplier_evidence_completion_retry.sql...
Applying migration 20260922053239_m9_02_supplier_evidence_completion_timestamp_format.sql...
Applying migration 20260922053503_m9_02_supplier_evidence_queued_completion_replay.sql...
Applying migration 20260922053646_m9_02_supplier_evidence_queued_retry_lookup.sql...
Applying migration 20260922062241_noop.sql...
Applying migration 20260922100000_m9_03_supplier_evidence_review.sql...
Applying migration 20260922100100_m9_03_follow_up_validator_volatility.sql...
Applying migration 20260922100200_m9_03_review_boundary_fixes.sql...
Applying migration 20260922100300_m9_03_review_timestamp_precision.sql...
Applying migration 20260922110000_m9_04_supplier_evidence_reminders_metrics.sql...
Applying migration 20260923102149_m9_05_supplier_document_extraction.sql...
Applying migration 20260923103528_m9_05_worker_getter_volatility.sql...
Applying migration 20260923103944_m9_05_supplier_document_field_pagination.sql...
Applying migration 20260923113148_m9_05_extraction_hardening.sql...
Applying migration 20260923113430_m9_05_empty_truncated_page_map.sql...
Applying migration 20260923114210_m9_05_confidence_precision.sql...
Applying migration 20260923114524_m9_05_field_decision_row_lock_fix.sql...
Applying migration 20260923114906_m9_05_local_ai_settings_check_grant.sql...
Applying migration 20260923123908_m9_06_supplier_sbom_bridge.sql...
Applying migration 20260924054840_m10_01_framework_packs.sql...
Applying migration 20260924055237_m10_01_cra_annex_i_oj_2024.sql...
Applying migration 20260924060628_m10_01_canonical_digest_permission_repair.sql...
Applying migration 20260924060912_m10_01_framework_pack_function_repairs.sql...
Applying migration 20260924061258_m10_01_pre_release_provenance_repair.sql...
Applying migration 20260924061503_m10_01_framework_selection_export_registry.sql...
Applying migration 20260924062312_m10_01_selection_actor_fk_index.sql...
Applying migration 20260924063524_m10_01_selection_updated_at_trigger.sql...
Applying migration 20260924063654_legacy_updated_at_trigger_alignment.sql...
Applying migration 20260924064859_declaration_timestamp_guard_order.sql...
Applying migration 20260924065430_release_snapshot_guarded_backfill.sql...
Applying migration 20260924070000_m10_02_control_library.sql...
Applying migration 20260924073000_m10_02_evidence_reuse_projection.sql...
Applying migration 20260924074000_m10_02_mapping_selection_lock_repair.sql...
Applying migration 20260924075000_m10_02_control_export_and_tenant_purge.sql...
Applying migration 20260924080000_m10_02_control_updated_at_trigger.sql...
Applying migration 20260924081000_m10_02_product_scope_tenant_purge.sql...
Applying migration 20260924081754_m10_02_evidence_reuse_product_permission.sql...
Applying migration 20260924101931_m10_03_coverage_gaps.sql...
Applying migration 20260924102307_m10_03_coverage_summary_retry.sql...
Applying migration 20260924102359_m10_03_applicability_create_revision.sql...
Applying migration 20260924102501_m10_03_permission_and_invalidation.sql...
Applying migration 20260924102718_m10_03_invalidation_fallback.sql...
Applying migration 20260924102817_m10_03_applicability_export.sql...
Applying migration 20260924103133_m10_03_replay_after_selection.sql...
Applying migration 20260924103219_m10_03_not_yet_valid_evidence.sql...
Applying migration 20260924104609_m10_03_updated_at_triggers.sql...
Applying migration 20260924105933_m10_03_implemented_evidence_gap_reason.sql...
Applying migration 20260925120000_m10_04_curated_crosswalk_upgrades.sql...
Applying migration 20260925160000_m10_05_customer_packs.sql...
Applying migration 20260925160100_m10_05_archive_upgrade_guard.sql...
Applying migration 20260925160200_m10_05_custom_validation_rpc.sql...
Applying migration 20260925160300_m10_05_custom_validation_paths.sql...
Applying migration 20260925160400_m10_05_custom_validation_field_paths.sql...
Applying migration 20260925160500_m1_export_manifest_artifact_count.sql...
Applying migration 20260925160600_m1_stored_artifacts_export_inventory.sql...
Applying migration 20260925160700_m1_tenant_business_record_export.sql...
Applying migration 20260925160800_m1_tenant_export_durable_fact_closure.sql...
Applying migration 20260925160900_m1_export_snapshot_inventory_repair.sql...
Applying migration 20260925161000_m1_export_materializer_drift_repair.sql...
Applying migration 20260925161100_m1_export_business_projection_repair.sql...
Applying migration 20260925161200_m1_export_artifact_identity_completion.sql...
Applying migration 20260928053758_m2_validate_connector_hardening_constraints.sql...
Applying migration 20260928053905_m2_enforce_connector_idempotency_pair.sql...
Applying migration 20260928070350_session_registration_single_arbiter.sql...
Applying migration 20260928070538_m2_product_classification_commands.sql...
Applying migration 20260928071542_m2_classification_foreign_key_indexes.sql...
Applying migration 20260928072541_m2_classification_history_authorization.sql...
Applying migration 20260928081853_m3_completed_graph_immutability.sql...
Applying migration 20260928082452_m3_immutable_graph_derived_identity_compatibility.sql...
Applying migration 20260928082659_m3_graph_explicit_service_role_privileges.sql...
Applying migration 20260928084351_m3_lineage_installed_version_comparators.sql...
Applying migration 20260928084512_m3_ingest_exhausted_lease_dead_letter.sql...
Applying migration 20260928084800_m3_component_parent_lookup_index.sql...
Applying migration 20260928084819_m3_scoped_live_finding_deltas.sql...
Applying migration 20260928090751_m3_independent_feed_epoch_readiness.sql...
Applying migration 20260928091109_m3_strict_active_feed_epoch_readiness.sql...
Applying migration 20260928093431_m3_source_supplier_pagination_boundaries.sql...
Applying migration 20260928095456_m3_verified_alias_validation_projection.sql...
Applying migration 20260928110739_m3_quality_terminal_predecessor_progress.sql...
A new version of Supabase CLI is available: v2.118.0 (currently installed v2.111.0)
We recommend updating regularly for new features and bug fixes: https://supabase.com/docs/guides/cli/getting-started#updating-the-supabase-cli
Diffing schemas: public
Finished [36msupabase db diff[39m on branch [36mmilestone-1[39m.

{"diff":"set check_function_bodies = off;\n\nCREATE OR REPLACE FUNCTION public.retry_supplier_evidence_reminder_delivery_atomic(p_organization_id uuid, p_actor_user_id uuid, p_delivery_id uuid, p_idempotency_key uuid)\n RETURNS TABLE(outcome text, result jsonb)\n LANGUAGE plpgsql\n SECURITY DEFINER\n SET search_path TO 'public', 'pg_temp'\nAS $function$\ndeclare d public.supplier_evidence_reminder_deliveries%rowtype;\nbegin\n  if not public.m9_04_can_manage(p_organization_id,p_actor_user_id) then return query select 'forbidden',null::jsonb; return; end if;\n  if p_idempotency_key is null then return query select 'invalid_request',null::jsonb; return; end if;\n  select * into d from public.supplier_evidence_reminder_deliveries where organization_id=p_organization_id and id=p_delivery_id for update;\n  if not found then return query select 'not_found',null::jsonb; return; end if;\n  if d.state not in ('failed','recipient_unavailable') then return query select 'conflict',jsonb_build_object('id',d.id,'state',d.state); return; end if;\n  update public.supplier_evidence_reminder_deliveries set state='queued',next_attempt_at=clock_timestamp(),lease_owner=null,lease_expires_at=null,last_error=null,updated_at=clock_timestamp() where id=d.id;\n  insert into public.audit_logs(organization_id,user_id,action,entity_type,entity_id,changes) values(p_organization_id,p_actor_user_id,'supplier.evidence_reminder_retry_requested','supplier_evidence_reminder_delivery',d.id::text,jsonb_build_object('idempotencyKey',p_idempotency_key));\n  return query select 'queued',jsonb_build_object('id',d.id,'state','pending');\nend $function$\n;\n\nCREATE OR REPLACE FUNCTION public.m7_declaration_json(p_organization_id uuid, p_declaration_id uuid, p_include_payload boolean DEFAULT false)\n RETURNS jsonb\n LANGUAGE sql\n STABLE SECURITY DEFINER\n SET search_path TO 'public', 'pg_temp'\nAS $function$\n select jsonb_build_object(\n   'id',d.id,'organizationId',d.organization_id,'productId',d.product_id,'snapshotId',d.snapshot_id,'templateId',d.template_id,\n   'version',d.declaration_version,'draftVersion',d.draft_version,'status',case when d.status in ('issued','superseded') then d.status else 'draft' end,\n   'signatory',jsonb_build_object('userId',d.signatory_user_id,'name',d.signatory_name,'capacity',d.signatory_capacity,'place',coalesce(d.signatory_place,d.issue_place)),\n   'assessmentRoute',d.assessment_route,\n   'notifiedBody',case when d.notified_body_identifier is null then null else jsonb_build_object('identifier',d.notified_body_identifier) end,\n   'certificateReferences',d.certificate_references,'sourceProvenance',d.source_provenance,'missingFacts',d.missing_facts,\n   'previewDigest',coalesce(d.preview_digest,repeat('0',64)),\n   'snapshotSha256',coalesce(d.snapshot_sha256,(select payload_sha256 from public.technical_file_snapshots s where s.organization_id=d.organization_id and s.id=d.snapshot_id)),\n   'issuedPayload',case when d.status in ('issued','superseded') then d.immutable_payload || jsonb_build_object('issuedAt',to_char(d.issued_at at time zone 'UTC','YYYY-MM-DD\"T\"HH24:MI:SS.MS\"Z\"')) else null end,\n   'issuedArtifact',case when d.status in ('issued','superseded') then jsonb_build_object('fileName','eu-declaration-of-conformity-v'||d.declaration_version||'.pdf','mimeType','application/pdf','byteLength',d.pdf_bytes,'sha256',d.pdf_sha256) else null end,\n   'issuedAt',case when d.issued_at is null then null else to_char(d.issued_at at time zone 'UTC','YYYY-MM-DD\"T\"HH24:MI:SS.MS\"Z\"') end,\n   'supersededByDeclarationId',d.superseded_by_declaration_id,'supersedesDeclarationId',d.supersedes_declaration_id,'reissueReason',d.reissue_reason,\n   'createdAt',to_char(d.created_at at time zone 'UTC','YYYY-MM-DD\"T\"HH24:MI:SS.MS\"Z\"'),'updatedAt',to_char(d.updated_at at time zone 'UTC','YYYY-MM-DD\"T\"HH24:MI:SS.MS\"Z\"')\n ) from public.technical_file_declarations d join public.technical_file_declaration_templates t on t.id=d.template_id where d.organization_id=p_organization_id and d.id=p_declaration_id\n$function$\n;\n\nCREATE OR REPLACE FUNCTION public.m8_evidence_validity_status(p_starts_on date, p_ends_on date, p_thresholds integer[])\n RETURNS text\n LANGUAGE sql\n STABLE\n SET search_path TO 'public', 'pg_temp'\nAS $function$\n  select case when p_starts_on is null then 'missing'\n    when p_ends_on is null then 'open_ended'\n    when p_starts_on is not null and p_starts_on > current_date then 'not_yet_valid'\n    when p_ends_on < current_date then 'expired'\n    when p_ends_on <= current_date + coalesce((select max(x) from unnest(p_thresholds) x), 0) then 'expiring_soon'\n    else 'current' end\n$function$\n;\n\nCREATE OR REPLACE FUNCTION public.retry_evidence_text_extraction_atomic(p_organization_id uuid, p_actor_user_id uuid, p_product_id uuid, p_document_id uuid, p_version_id uuid)\n RETURNS TABLE(outcome text, result jsonb)\n LANGUAGE plpgsql\n SECURITY DEFINER\n SET search_path TO 'public', 'pg_temp'\nAS $function$\ndeclare t public.evidence_document_version_texts%rowtype; v public.evidence_document_versions%rowtype;\nbegin\n if p_organization_id is null or p_actor_user_id is null or p_product_id is null or p_document_id is null or p_version_id is null\n   or not public.m8_evidence_actor_active(p_organization_id,p_actor_user_id)\n   or not public.m5_triage_actor_has_permission(p_organization_id,p_actor_user_id,'can_upload_evidence')\n   or not exists(select 1 from public.products p where p.organization_id=p_organization_id and p.id=p_product_id and p.archived_at is null)\n then return query select 'forbidden'::text,null::jsonb; return; end if;\n select v0.* into v from public.evidence_document_versions v0 join public.evidence_document_version_products vp\n   on vp.organization_id=v0.organization_id and vp.version_id=v0.id and vp.product_id=p_product_id\n where v0.organization_id=p_organization_id and v0.id=p_version_id and v0.document_id=p_document_id for update;\n if not found or v.processing_state<>'clean' or v.validity_ends_on<current_date then return query select 'unavailable'::text,null::jsonb; return; end if;\n select * into t from public.evidence_document_version_texts where organization_id=p_organization_id and version_id=p_version_id for update;\n if not found or t.source_sha256<>v.original_sha256 then return query select 'unavailable'::text,null::jsonb; return; end if;\n if t.extraction_status in ('queued','running') then\n   return query select 'replayed'::text,jsonb_build_object('extraction',jsonb_build_object(\n     'status',t.extraction_status,'sourceSha256',t.source_sha256,'extractorVersion',t.extractor_version,\n     'updatedAt',to_char(t.updated_at at time zone 'UTC','YYYY-MM-DD\"T\"HH24:MI:SS\"Z\"'),\n     'failureCode',t.failure_code,'truncated',t.is_truncated,'quality',t.quality));\n   return;\n end if;\n update public.evidence_document_version_texts set extraction_status='queued',failure_code=null,updated_at=clock_timestamp()\n where organization_id=p_organization_id and version_id=p_version_id;\n update public.evidence_document_extraction_jobs set status='queued',attempt_count=0,lease_owner=null,lease_expires_at=null,\n   next_attempt_at=clock_timestamp(),last_error=null,completed_at=null,updated_at=clock_timestamp()\n where organization_id=p_organization_id and version_id=p_version_id;\n insert into public.audit_logs(organization_id,user_id,action,entity_type,entity_id,changes)\n values(p_organization_id,p_actor_user_id,'evidence.extraction_retry_requested','evidence_document_version',p_version_id::text,\n   jsonb_build_object('productId',p_product_id));\n select * into t from public.evidence_document_version_texts\n where organization_id=p_organization_id and version_id=p_version_id;\n return query select 'queued'::text,jsonb_build_object('extraction',jsonb_build_object(\n   'status',t.extraction_status,'sourceSha256',t.source_sha256,'extractorVersion',t.extractor_version,\n   'updatedAt',to_char(t.updated_at at time zone 'UTC','YYYY-MM-DD\"T\"HH24:MI:SS\"Z\"'),\n   'failureCode',t.failure_code,'truncated',t.is_truncated,'quality',t.quality));\nend $function$\n;\n\n\n","file":null,"files":[],"schemas":["public"],"engine":"migra","dropStatements":[],"message":"Diff complete."}
