BEGIN
DO
GRANT ROLE
GRANT
ALTER TABLE
CREATE INDEX
CREATE INDEX
CREATE TABLE
ALTER TABLE
INSERT 0 3
REVOKE
GRANT
GRANT
GRANT
GRANT
GRANT
CREATE POLICY
CREATE POLICY
CREATE POLICY
REVOKE
CREATE FUNCTION
CREATE FUNCTION
CREATE FUNCTION
CREATE FUNCTION
CREATE TRIGGER
CREATE FUNCTION
CREATE TRIGGER
CREATE TRIGGER
CREATE FUNCTION
ALTER FUNCTION
CREATE TRIGGER
CREATE FUNCTION
CREATE FUNCTION
REVOKE
GRANT
GRANT
SET
REVOKE
RESET
REVOKE
GRANT
CREATE FUNCTION
ALTER FUNCTION
SET
REVOKE
GRANT
RESET
REVOKE
CREATE FUNCTION
ALTER FUNCTION
REVOKE
GRANT
CREATE FUNCTION
CREATE FUNCTION
CREATE FUNCTION
INSERT 0 1
DO
BEGIN
CREATE EXTENSION
 plan  
-------
 1..20
(1 row)

                                   ok                                   
------------------------------------------------------------------------
 ok 1 - audit retention refresh uses existing tenant source projections
(1 row)

                            is                            
----------------------------------------------------------
 ok 2 - archival blocker survives lifecycle normalization
(1 row)

                      ok                       
-----------------------------------------------
 ok 3 - claim blocks before artifact inventory
(1 row)

                               ok                                
-----------------------------------------------------------------
 ok 4 - completion independently blocks previously claimed purge
(1 row)

                           ok                            
---------------------------------------------------------
 ok 5 - tenant export includes activation and chain head
(1 row)

                                is                                
------------------------------------------------------------------
 ok 6 - export preserves already-redacted canonical bytes exactly
(1 row)

                              is                              
--------------------------------------------------------------
 ok 7 - export keeps bigint counters as exact decimal strings
(1 row)

                       ok                        
-------------------------------------------------
 ok 8 - service may request source-owned refresh
(1 row)

                   ok                   
----------------------------------------
 ok 9 - browser cannot update retention
(1 row)

                         ok                         
----------------------------------------------------
 ok 10 - service cannot supply fabricated retention
(1 row)

                ok                
----------------------------------
 ok 11 - watermarks cannot shrink
(1 row)

SELECT 1
 m13_02_store_audit_retention 
------------------------------
 
(1 row)

 m13_02_store_audit_retention 
------------------------------
 
(1 row)

                                 is                                  
---------------------------------------------------------------------
 ok 12 - lower settings cannot lower the observed retention duration
(1 row)

                                 is                                 
--------------------------------------------------------------------
 ok 13 - lower settings cannot shorten the observed protection date
(1 row)

                                is                                 
-------------------------------------------------------------------
 ok 14 - a prior future high-watermark cannot be reported complete
(1 row)

INSERT 0 1
UPDATE 4
 m13_02_refresh_audit_retention_atomic 
---------------------------------------
 unknown
(1 row)

                         is                         
----------------------------------------------------
 ok 15 - longer source protection extends the chain
(1 row)

                                      is                                      
------------------------------------------------------------------------------
 ok 16 - unavailable authorities are incomplete rather than deletion eligible
(1 row)

 m13_02_store_audit_retention 
------------------------------
 
(1 row)

 m13_02_store_audit_retention 
------------------------------
 
(1 row)

                               ok                               
----------------------------------------------------------------
 ok 17 - incomplete projections cannot release an observed hold
(1 row)

 m13_02_store_audit_retention 
------------------------------
 
(1 row)

                                         ok                                          
-------------------------------------------------------------------------------------
 ok 18 - a complete source-owned reconciliation can observe an approved hold release
(1 row)

UPDATE 1
INSERT 0 1
                           is                           
--------------------------------------------------------
 ok 19 - actual purge claim blocks before artifact work
(1 row)

UPDATE 1
UPDATE 1
                                   is                                    
-------------------------------------------------------------------------
 ok 20 - actual completion independently blocks an already-running purge
(1 row)

 finish 
--------
(0 rows)

ROLLBACK
psql:<stdin>:515: WARNING:  there is already a transaction in progress
