
> CRA@ verify /Users/abjmac003/Documents/GitHub/CRA
> pnpm lint && pnpm check-types && pnpm test:architecture && pnpm test && pnpm build


> CRA@ lint /Users/abjmac003/Documents/GitHub/CRA
> turbo run lint

• turbo 2.10.8

   • Packages in scope: @repo/contracts, @repo/design-system, @repo/eslint-config, @repo/typescript-config, @repo/ui, agent, api, docs, infrastructure, web
   • Running lint in 10 packages
   • Remote caching disabled

@repo/contracts:lint: cache miss, executing 092aab015da4ba50
@repo/ui:lint: cache hit, replaying logs e0576e533ae520eb
@repo/ui:lint: 
@repo/ui:lint: > @repo/ui@0.0.0 lint /Users/abjmac003/Documents/GitHub/CRA/packages/ui
@repo/ui:lint: > eslint . --max-warnings 0
@repo/ui:lint: 
@repo/contracts:lint: 
@repo/contracts:lint: > @repo/contracts@0.0.0 lint /Users/abjmac003/Documents/GitHub/CRA/packages/contracts
@repo/contracts:lint: > eslint . --max-warnings 0
@repo/contracts:lint: 
web:lint: cache miss, executing 1156c625e7b62178
api:lint: cache miss, executing 0befa0ad0a500386
agent:lint: cache miss, executing 8552bf6442ffca3d
web:lint: 
web:lint: > web@0.1.0 lint /Users/abjmac003/Documents/GitHub/CRA/apps/web
web:lint: > eslint --max-warnings 0
web:lint: 
api:lint: 
api:lint: > api@0.0.1 lint /Users/abjmac003/Documents/GitHub/CRA/apps/api
api:lint: > eslint src test --max-warnings 0
api:lint: 
agent:lint: 
agent:lint: > agent@0.1.0 lint /Users/abjmac003/Documents/GitHub/CRA/apps/agent
agent:lint: > eslint src --max-warnings 0
agent:lint: 

 Tasks:    5 successful, 5 total
Cached:    1 cached, 5 total
  Time:    1m29.27s 


> CRA@ check-types /Users/abjmac003/Documents/GitHub/CRA
> turbo run check-types

• turbo 2.10.8

   • Packages in scope: @repo/contracts, @repo/design-system, @repo/eslint-config, @repo/typescript-config, @repo/ui, agent, api, docs, infrastructure, web
   • Running check-types in 10 packages
   • Remote caching disabled

@repo/contracts:check-types: cache miss, executing 3fe8a8d767287fd9
@repo/ui:check-types: cache hit, replaying logs 8627d161147b4e00
@repo/ui:check-types: 
@repo/ui:check-types: > @repo/ui@0.0.0 check-types /Users/abjmac003/Documents/GitHub/CRA/packages/ui
@repo/ui:check-types: > tsc --noEmit
@repo/ui:check-types: 
docs:check-types: cache hit, replaying logs 90bba4319bf62c9e
docs:check-types: 
docs:check-types: > docs@0.0.0 check-types /Users/abjmac003/Documents/GitHub/CRA/apps/docs
docs:check-types: > tsc --noEmit
docs:check-types: 
@repo/contracts:check-types: 
@repo/contracts:check-types: > @repo/contracts@0.0.0 check-types /Users/abjmac003/Documents/GitHub/CRA/packages/contracts
@repo/contracts:check-types: > tsc --noEmit
@repo/contracts:check-types: 
web:check-types: cache miss, executing 4c66af9a536d3925
agent:check-types: cache miss, executing 165c8a3d0443d0b1
api:check-types: cache miss, executing 230818f8dbd7fa47
api:check-types: 
api:check-types: > api@0.0.1 check-types /Users/abjmac003/Documents/GitHub/CRA/apps/api
api:check-types: > tsc --noEmit
api:check-types: 
web:check-types: 
web:check-types: > web@0.1.0 check-types /Users/abjmac003/Documents/GitHub/CRA/apps/web
web:check-types: > next typegen && tsc --noEmit
web:check-types: 
agent:check-types: 
agent:check-types: > agent@0.1.0 check-types /Users/abjmac003/Documents/GitHub/CRA/apps/agent
agent:check-types: > tsc --noEmit
agent:check-types: 
web:check-types: Generating route types...
web:check-types: ✓ Types generated successfully

 Tasks:    6 successful, 6 total
Cached:    2 cached, 6 total
  Time:    16.673s 


> CRA@ test:architecture /Users/abjmac003/Documents/GitHub/CRA
> node --test scripts/architecture/*.test.mjs && node scripts/architecture/verify-docs.mjs && depcruise --config dependency-cruiser.cjs apps packages

TAP version 13
# Subtest: accepts exactly one registered authority per mutation route
ok 1 - accepts exactly one registered authority per mutation route
  ---
  duration_ms: 16.623625
  type: 'test'
  ...
# Subtest: fails when a new route has no registration
ok 2 - fails when a new route has no registration
  ---
  duration_ms: 6.728375
  type: 'test'
  ...
# Subtest: fails duplicate registrations and more than one authority
ok 3 - fails duplicate registrations and more than one authority
  ---
  duration_ms: 6.595459
  type: 'test'
  ...
# Subtest: fails stale registration after a route is renamed
ok 4 - fails stale registration after a route is renamed
  ---
  duration_ms: 6.479458
  type: 'test'
  ...
# Subtest: fails when the controller base path changes
ok 5 - fails when the controller base path changes
  ---
  duration_ms: 5.971709
  type: 'test'
  ...
# Subtest: requires an evidence path for claimed authoritative writers
ok 6 - requires an evidence path for claimed authoritative writers
  ---
  duration_ms: 6.385667
  type: 'test'
  ...
# Subtest: requires a source symbol present in evidence
ok 7 - requires a source symbol present in evidence
  ---
  duration_ms: 6.972666
  type: 'test'
  ...
# Subtest: requires source symbols for durable authorities
ok 8 - requires source symbols for durable authorities
  ---
  duration_ms: 7.172
  type: 'test'
  ...
# Subtest: rejects an unresolved mutation authority
ok 9 - rejects an unresolved mutation authority
  ---
  duration_ms: 8.043584
  type: 'test'
  ...
# Subtest: rejects an unreviewed best-effort mutation authority
ok 10 - rejects an unreviewed best-effort mutation authority
  ---
  duration_ms: 5.161042
  type: 'test'
  ...
# Subtest: fails when a semantic worker has no registration
ok 11 - fails when a semantic worker has no registration
  ---
  duration_ms: 5.370084
  type: 'test'
  ...
# Subtest: the repository mutation surface is fully registered
ok 12 - the repository mutation surface is fully registered
  ---
  duration_ms: 297.477709
  type: 'test'
  ...
# Subtest: defines fast and live verification lanes
ok 13 - defines fast and live verification lanes
  ---
  duration_ms: 6.20325
  type: 'test'
  ...
# Subtest: parses only allowlisted local Supabase environment values
ok 14 - parses only allowlisted local Supabase environment values
  ---
  duration_ms: 5.253417
  type: 'test'
  ...
# Subtest: fails closed when Supabase status fails or omits a required value
ok 15 - fails closed when Supabase status fails or omits a required value
  ---
  duration_ms: 575.054792
  type: 'test'
  ...
# Subtest: documents the verification commands without package-manager drift
ok 16 - documents the verification commands without package-manager drift
  ---
  duration_ms: 3.917167
  type: 'test'
  ...
# Subtest: normalizes declared nullable RPC result columns
ok 17 - normalizes declared nullable RPC result columns
  ---
  duration_ms: 0.922542
  type: 'test'
  ...
# Subtest: fails closed when the generated function shape changes
ok 18 - fails closed when the generated function shape changes
  ---
  duration_ms: 1.034292
  type: 'test'
  ...
# Subtest: keeps both generated database type copies synchronized
ok 19 - keeps both generated database type copies synchronized
  ---
  duration_ms: 7.853625
  type: 'test'
  ...
# Subtest: every declared dependency boundary rejects a representative import
ok 20 - every declared dependency boundary rejects a representative import
  ---
  duration_ms: 733.661708
  type: 'test'
  ...
# Subtest: workspace aliases resolve to their source modules
ok 21 - workspace aliases resolve to their source modules
  ---
  duration_ms: 771.308375
  type: 'test'
  ...
# Subtest: cross-app workspace aliases cannot bypass dependency boundaries
ok 22 - cross-app workspace aliases cannot bypass dependency boundaries
  ---
  duration_ms: 447.160125
  type: 'test'
  ...
# Subtest: generated build directories do not enter the dependency graph
ok 23 - generated build directories do not enter the dependency graph
  ---
  duration_ms: 441.746125
  type: 'test'
  ...
# Subtest: requires all 22 pattern names and feature decision questions
ok 24 - requires all 22 pattern names and feature decision questions
  ---
  duration_ms: 11.254333
  type: 'test'
  ...
# Subtest: accepts the repository architecture policy
ok 25 - accepts the repository architecture policy
  ---
  duration_ms: 5.936084
  type: 'test'
  ...
# Subtest: requires enforceable architecture rules in the root agent guide
ok 26 - requires enforceable architecture rules in the root agent guide
  ---
  duration_ms: 2.694875
  type: 'test'
  ...
# Subtest: rejects an agent guide that makes the feature template a quota
ok 27 - rejects an agent guide that makes the feature template a quota
  ---
  duration_ms: 11.423125
  type: 'test'
  ...
# Subtest: reports every missing required document instead of throwing
ok 28 - reports every missing required document instead of throwing
  ---
  duration_ms: 1.39475
  type: 'test'
  ...
# Subtest: requires real pattern blocks and template headings
ok 29 - requires real pattern blocks and template headings
  ---
  duration_ms: 5.965042
  type: 'test'
  ...
# Subtest: rejects duplicate pattern decisions
ok 30 - rejects duplicate pattern decisions
  ---
  duration_ms: 8.620084
  type: 'test'
  ...
# Subtest: requires the detailed coding workflow and completion gates
ok 31 - requires the detailed coding workflow and completion gates
  ---
  duration_ms: 2.476791
  type: 'test'
  ...
# Subtest: CLI exits nonzero when architecture documents are missing
ok 32 - CLI exits nonzero when architecture documents are missing
  ---
  duration_ms: 31.249416
  type: 'test'
  ...
# Subtest: accepts a complete reusable fixture
ok 33 - accepts a complete reusable fixture
  ---
  duration_ms: 52.5735
  type: 'test'
  ...
# Subtest: rejects provider imports from application and domain code
    # Subtest: NestJS
    ok 1 - NestJS
      ---
      duration_ms: 32.776916
      type: 'test'
      ...
    # Subtest: Express
    ok 2 - Express
      ---
      duration_ms: 41.676417
      type: 'test'
      ...
    # Subtest: Supabase
    ok 3 - Supabase
      ---
      duration_ms: 22.831291
      type: 'test'
      ...
    # Subtest: jose
    ok 4 - jose
      ---
      duration_ms: 23.974625
      type: 'test'
      ...
    # Subtest: Nodemailer
    ok 5 - Nodemailer
      ---
      duration_ms: 29.132458
      type: 'test'
      ...
    1..5
ok 34 - rejects provider imports from application and domain code
  ---
  duration_ms: 151.193417
  type: 'test'
  ...
# Subtest: rejects direct web fetch outside the central transport
ok 35 - rejects direct web fetch outside the central transport
  ---
  duration_ms: 19.531208
  type: 'test'
  ...
# Subtest: rejects controller-local and web API-local Zod wire schemas
ok 36 - rejects controller-local and web API-local Zod wire schemas
  ---
  duration_ms: 20.83975
  type: 'test'
  ...
# Subtest: requires boundary schema references to come from shared contracts
ok 37 - requires boundary schema references to come from shared contracts
  ---
  duration_ms: 29.358625
  type: 'test'
  ...
# Subtest: requires paired schema/type folders and parsed wire types
ok 38 - requires paired schema/type folders and parsed wire types
  ---
  duration_ms: 29.630625
  type: 'test'
  ...
# Subtest: requires parsed controller inputs and declared response kinds
ok 39 - requires parsed controller inputs and declared response kinds
  ---
  duration_ms: 26.558833
  type: 'test'
  ...
# Subtest: requires an input schema for every web request body
ok 40 - requires an input schema for every web request body
  ---
  duration_ms: 24.22
  type: 'test'
  ...
# Subtest: inspects transport options referenced through local variables
ok 41 - inspects transport options referenced through local variables
  ---
  duration_ms: 28.207084
  type: 'test'
  ...
# Subtest: rejects transport options that cannot be inspected statically
ok 42 - rejects transport options that cannot be inspected statically
  ---
  duration_ms: 19.799834
  type: 'test'
  ...
# Subtest: resolves transport options in their lexical scope
ok 43 - resolves transport options in their lexical scope
  ---
  duration_ms: 14.836792
  type: 'test'
  ...
# Subtest: resolves function-scoped var transport options
ok 44 - resolves function-scoped var transport options
  ---
  duration_ms: 16.481708
  type: 'test'
  ...
# Subtest: keeps TSX rendering functional and logic classes in plain TS
ok 45 - keeps TSX rendering functional and logic classes in plain TS
  ---
  duration_ms: 15.090417
  type: 'test'
  ...
# Subtest: requires orgId first only for clearly tenant-scoped service-role methods
ok 46 - requires orgId first only for clearly tenant-scoped service-role methods
  ---
  duration_ms: 17.5585
  type: 'test'
  ...
# Subtest: does not guess tenant scope for global or private service-role methods
ok 47 - does not guess tenant scope for global or private service-role methods
  ---
  duration_ms: 18.472166
  type: 'test'
  ...
# Subtest: rejects controller routes without public or authorization metadata
ok 48 - rejects controller routes without public or authorization metadata
  ---
  duration_ms: 17.045042
  type: 'test'
  ...
# Subtest: accepts controller-level authorization metadata
ok 49 - accepts controller-level authorization metadata
  ---
  duration_ms: 15.3095
  type: 'test'
  ...
# Subtest: rejects refresh cookie path drift
ok 50 - rejects refresh cookie path drift
  ---
  duration_ms: 14.825
  type: 'test'
  ...
# Subtest: rejects loss of each token algorithm route
    # Subtest: HS256
    ok 1 - HS256
      ---
      duration_ms: 15.117666
      type: 'test'
      ...
    # Subtest: ES256
    ok 2 - ES256
      ---
      duration_ms: 14.489833
      type: 'test'
      ...
    # Subtest: RS256
    ok 3 - RS256
      ---
      duration_ms: 15.050042
      type: 'test'
      ...
    1..3
ok 51 - rejects loss of each token algorithm route
  ---
  duration_ms: 45.054667
  type: 'test'
  ...
# Subtest: rejects asymmetric verification that no longer uses a JWKS key source
ok 52 - rejects asymmetric verification that no longer uses a JWKS key source
  ---
  duration_ms: 14.7835
  type: 'test'
  ...
# Subtest: rejects loss of JWKS routing in web middleware
ok 53 - rejects loss of JWKS routing in web middleware
  ---
  duration_ms: 13.638417
  type: 'test'
  ...
# Subtest: rejects nonzero session epoch skew
ok 54 - rejects nonzero session epoch skew
  ---
  duration_ms: 18.697458
  type: 'test'
  ...
# Subtest: rejects a zero default that can still accept positive skew
ok 55 - rejects a zero default that can still accept positive skew
  ---
  duration_ms: 14.439917
  type: 'test'
  ...
# Subtest: rejects an MSW API passthrough that is not first
ok 56 - rejects an MSW API passthrough that is not first
  ---
  duration_ms: 12.271667
  type: 'test'
  ...
# Subtest: rejects nav and menu key drift
ok 57 - rejects nav and menu key drift
  ---
  duration_ms: 13.279584
  type: 'test'
  ...
# Subtest: rejects duplicate nav keys and missing permission mappings
ok 58 - rejects duplicate nav keys and missing permission mappings
  ---
  duration_ms: 16.01125
  type: 'test'
  ...
# Subtest: rejects duplicate or missing GoF catalogue decisions
ok 59 - rejects duplicate or missing GoF catalogue decisions
  ---
  duration_ms: 15.569541
  type: 'test'
  ...
# Subtest: requires rationale, trigger, and counterexample for every pattern
ok 60 - requires rationale, trigger, and counterexample for every pattern
  ---
  duration_ms: 16.416916
  type: 'test'
  ...
# Subtest: accepts the repository invariants
ok 61 - accepts the repository invariants
  ---
  duration_ms: 1376.287292
  type: 'test'
  ...
# Subtest: CLI exits nonzero and identifies invariant failures
ok 62 - CLI exits nonzero and identifies invariant failures
  ---
  duration_ms: 215.853916
  type: 'test'
  ...
1..62
# tests 70
# suites 0
# pass 70
# fail 0
# cancelled 0
# skipped 0
# todo 0
# duration_ms 2554.024708

✔ no dependency violations found (1979 modules, 5799 dependencies cruised)


> CRA@ test /Users/abjmac003/Documents/GitHub/CRA
> turbo run test

• turbo 2.10.8

   • Packages in scope: @repo/contracts, @repo/design-system, @repo/eslint-config, @repo/typescript-config, @repo/ui, agent, api, docs, infrastructure, web
   • Running test in 10 packages
   • Remote caching disabled

@repo/contracts:test: cache miss, executing 6be6daf9c2c59889
@repo/contracts:build: cache miss, executing eb323892046861f8
infrastructure:test: cache miss, executing 535e332faf6c8cdd
docs:test: cache hit, replaying logs 90006845555f6766
@repo/ui:test: cache hit, replaying logs 80e67d626e8a0484
@repo/design-system:test: cache hit, replaying logs 6cbf3bb213a305df
@repo/design-system:test: 
@repo/design-system:test: > @repo/design-system@0.0.0 test /Users/abjmac003/Documents/GitHub/CRA/packages/design-system
@repo/design-system:test: > vitest run
@repo/design-system:test: 
@repo/design-system:test: 
@repo/ui:test: 
@repo/ui:test: > @repo/ui@0.0.0 test /Users/abjmac003/Documents/GitHub/CRA/packages/ui
@repo/ui:test: > vitest run
@repo/design-system:test:  RUN  v3.2.7 /Users/abjmac003/Documents/GitHub/CRA/packages/design-system
@repo/design-system:test: 
@repo/design-system:test:  ✓ src/theme.spec.ts (9 tests) 166ms
@repo/ui:test: 
@repo/ui:test: 
@repo/ui:test:  RUN  v3.2.7 /Users/abjmac003/Documents/GitHub/CRA/packages/ui
@repo/ui:test: 
@repo/ui:test:  ✓ src/components/pagination/pagination.spec.tsx (4 tests) 757ms
@repo/ui:test:  ✓ src/components/checkbox/checkbox.spec.tsx (4 tests) 570ms
docs:test: 
docs:test: > docs@0.0.0 test /Users/abjmac003/Documents/GitHub/CRA/apps/docs
docs:test: > vitest run
@repo/ui:test:    ✓ Checkbox > toggles from its associated label and returns the checked payload  456ms
@repo/ui:test:  ✓ src/components/input/search-input.spec.tsx (3 tests) 656ms
@repo/ui:test:    ✓ SearchInput > updates, clears, and restores focus when uncontrolled  550ms
@repo/ui:test:  ✓ src/components/editor/editor.spec.tsx (3 tests) 800ms
@repo/ui:test:    ✓ Editor > runs formatting commands and submits current HTML  542ms
@repo/ui:test:  ✓ src/components/form/form.spec.tsx (2 tests) 756ms
@repo/design-system:test: 
docs:test: 
docs:test: 
docs:test:  RUN  v3.2.7 /Users/abjmac003/Documents/GitHub/CRA/apps/docs
docs:test: 
docs:test:  ✓ src/test/config.spec.ts (4 tests) 6ms
@repo/design-system:test:  Test Files  1 passed (1)
@repo/design-system:test:       Tests  9 passed (9)
@repo/design-system:test:    Start at  19:13:19
@repo/design-system:test:    Duration  2.18s (transform 50ms, setup 0ms, collect 56ms, tests 166ms, environment 1.36s, prepare 195ms)
@repo/ui:test:    ✓ form helpers > blocks invalid data, summarizes errors, and submits parsed values  751ms
@repo/ui:test:  ✓ src/components/data-table/data-table.spec.tsx (3 tests) 1014ms
@repo/ui:test:    ✓ DataTable > renders semantic rows, controlled selection, sorting, and pagination  861ms
@repo/ui:test:  ✓ src/components/select/select.spec.tsx (3 tests) 1351ms
@repo/ui:test:    ✓ Select > opens from its label and emits the chosen value  1116ms
@repo/ui:test:  ✓ src/components/time-picker/time-picker.spec.tsx (2 tests) 1381ms
@repo/ui:test:    ✓ TimePicker > formats valid 12-hour and 24-hour values  399ms
@repo/ui:test:    ✓ TimePicker > opens selectors and wires helper/error/disabled semantics  981ms
@repo/design-system:test: 
docs:test:  ✓ src/test/homepage.spec.tsx (1 test) 733ms
docs:test:    ✓ documentation homepage > renders site identity, navigation, and each product benefit  732ms
@repo/ui:test:  ✓ src/components/breadcrumbs/breadcrumbs.spec.tsx (3 tests) 599ms
@repo/ui:test:    ✓ Breadcrumbs > marks the current item and keeps navigable ancestors  389ms
@repo/ui:test:  ✓ src/components/data-table/selection-column.spec.tsx (2 tests) 462ms
@repo/ui:test:    ✓ selectionColumn > maps partial page selection to an indeterminate header  453ms
@repo/ui:test:  ✓ src/components/app-shell/top-nav.spec.tsx (2 tests) 506ms
@repo/ui:test:    ✓ TopNav > renders default actions with exact callbacks and unread name  371ms
@repo/ui:test:  ✓ src/components/switch/switch.spec.tsx (2 tests) 309ms
@repo/ui:test:  ✓ src/components/tabs/tabs.spec.tsx (4 tests) 296ms
@repo/ui:test:  ✓ src/components/alert/alert.spec.tsx (3 tests) 435ms
@repo/ui:test:    ✓ Alert > announces content and invokes confirmation  363ms
@repo/ui:test:  ✓ src/components/modal/modal.spec.tsx (2 tests) 403ms
@repo/ui:test:    ✓ Modal > opens with focusable content and closes from its named control  318ms
docs:test: 
docs:test:  Test Files  2 passed (2)
docs:test:       Tests  5 passed (5)
docs:test:    Start at  19:13:18
docs:test:    Duration  4.55s (transform 146ms, setup 518ms, collect 1.82s, tests 738ms, environment 2.76s, prepare 459ms)
docs:test: 
@repo/ui:test:  ✓ src/components/combobox/combobox.spec.tsx (2 tests) 665ms
@repo/ui:test:    ✓ Combobox > searches keywords, selects, clears, and returns focus  590ms
@repo/ui:test:  ✓ src/components/stat-card/stat-card.spec.tsx (2 tests) 96ms
@repo/ui:test:  ✓ src/components/avatar/avatar.spec.tsx (8 tests) 222ms
@repo/ui:test:  ✓ src/components/chart/chart.spec.tsx (2 tests) 142ms
@repo/ui:test:  ✓ src/components/otp-input/otp-input.spec.tsx (3 tests) 363ms
@repo/ui:test:  ✓ src/components/radio/radio.spec.tsx (2 tests) 346ms
@repo/ui:test:  ✓ src/components/chip/chip.spec.tsx (2 tests) 217ms
@repo/ui:test:  ✓ src/components/card/card.spec.tsx (5 tests) 217ms
@repo/ui:test:  ✓ src/components/input/password-input.spec.tsx (3 tests) 380ms
@repo/ui:test:    ✓ PasswordInput > reveals and hides an uncontrolled password accessibly  324ms
@repo/ui:test:  ✓ src/components/date-picker/date-picker.spec.tsx (4 tests) 899ms
@repo/ui:test:    ✓ DatePicker > commits typed valid dates and preserves invalid drafts  392ms
@repo/ui:test:  ✓ src/components/chart/charts.spec.tsx (2 tests) 123ms
@repo/ui:test:  ✓ src/components/chart/chart-palette.spec.ts (5 tests) 12ms
@repo/ui:test:  ✓ src/lib/cn.spec.ts (3 tests) 9ms
@repo/ui:test:  ✓ src/components/input/input.spec.tsx (3 tests) 239ms
@repo/ui:test:  ✓ src/components/tag/tag.spec.tsx (4 tests) 76ms
@repo/ui:test:  ✓ src/components/button/button.spec.tsx (6 tests) 372ms
@repo/ui:test: 
@repo/ui:test:  Test Files  31 passed (31)
@repo/ui:test:       Tests  98 passed (98)
@repo/ui:test:    Start at  19:13:18
@repo/ui:test:    Duration  15.11s (transform 1.26s, setup 12.28s, collect 20.73s, tests 14.67s, environment 32.09s, prepare 3.84s)
@repo/ui:test: 
@repo/contracts:build: 
@repo/contracts:build: > @repo/contracts@0.0.0 build /Users/abjmac003/Documents/GitHub/CRA/packages/contracts
@repo/contracts:build: > tsc
@repo/contracts:build: 
infrastructure:test: 
infrastructure:test: > infrastructure@0.0.0 test /Users/abjmac003/Documents/GitHub/CRA/apps/infrastructure
infrastructure:test: > pnpm run preflight && bash tests/run-sql-tests.sh
infrastructure:test: 
@repo/contracts:test: 
@repo/contracts:test: > @repo/contracts@0.0.0 test /Users/abjmac003/Documents/GitHub/CRA/packages/contracts
@repo/contracts:test: > vitest run
@repo/contracts:test: 
infrastructure:test: 
infrastructure:test: > infrastructure@0.0.0 preflight /Users/abjmac003/Documents/GitHub/CRA/apps/infrastructure
infrastructure:test: > docker info >/dev/null 2>&1 || (echo 'Docker daemon is not running — start Docker Desktop first.' && exit 1)
infrastructure:test: 
@repo/contracts:test: 
@repo/contracts:test:  RUN  v3.2.7 /Users/abjmac003/Documents/GitHub/CRA/packages/contracts
@repo/contracts:test: 
@repo/contracts:test:  ✓ src/permissions.spec.ts (49 tests) 25ms
@repo/contracts:test:  ✓ src/connectors/schemas/webhook.schema.spec.ts (12 tests) 56ms
@repo/contracts:test:  ✓ src/pagination.spec.ts (18 tests) 15ms
@repo/contracts:test:  ✓ src/users.spec.ts (9 tests) 9ms
@repo/contracts:test:  ✓ src/connectors/schemas/sync-operations.spec.ts (6 tests) 69ms
@repo/contracts:test:  ✓ src/notifications/schemas/notification.schema.spec.ts (9 tests) 39ms
infrastructure:test: Running tests/auth-profile-triggers.test.sql
@repo/contracts:test:  ✓ src/evidence/schemas/evidence-watermark-export.schema.spec.ts (2 tests) 23ms
@repo/contracts:test:  ✓ src/vulnerabilities/schemas/vulnerability-triage.schema.spec.ts (10 tests) 69ms
@repo/contracts:test:  ✓ src/products.spec.ts (27 tests) 55ms
@repo/contracts:test:  ✓ src/evidence/schemas/evidence.schema.spec.ts (14 tests) 26ms
@repo/contracts:test:  ✓ src/products/schemas/m2-v2-substantial-modification-and-artifact.spec.ts (13 tests) 34ms
@repo/contracts:test:  ✓ src/sboms/schemas/sbom-quality.schema.spec.ts (8 tests) 19ms
@repo/contracts:test:  ✓ src/audit/schemas/audit-event.schema.spec.ts (4 tests) 4ms
@repo/contracts:test:  ✓ src/findings.spec.ts (6 tests) 16ms
@repo/contracts:test:  ✓ src/connectors/schemas/agent.schema.spec.ts (4 tests) 25ms
@repo/contracts:test:  ✓ src/vulnerabilities/schemas/vulnerability-assessment-bulk.schema.spec.ts (7 tests) 12ms
@repo/contracts:test:  ✓ src/organizations.spec.ts (64 tests) 24ms
infrastructure:test: BEGIN
@repo/contracts:test:  ✓ src/vulnerabilities/schemas/vulnerability-feed.schema.spec.ts (11 tests) 22ms
@repo/contracts:test:  ✓ src/reporting/schemas/reporting-stage-drafts.schema.spec.ts (6 tests) 12ms
@repo/contracts:test:  ✓ src/connectors/schemas/connectors.spec.ts (13 tests) 46ms
@repo/contracts:test:  ✓ src/vulnerabilities/schemas/vulnerability-remediation.schema.spec.ts (4 tests) 8ms
@repo/contracts:test:  ✓ src/api-boundaries.spec.ts (18 tests) 12ms
@repo/contracts:test:  ✓ src/connectors/schemas/connector-hub.spec.ts (7 tests) 24ms
@repo/contracts:test:  ✓ src/vulnerabilities/schemas/vulnerability-reachability.schema.spec.ts (6 tests) 9ms
@repo/contracts:test:  ✓ src/frameworks/schemas/framework.schema.spec.ts (8 tests) 9ms
@repo/contracts:test:  ✓ src/technical-files/schemas/technical-file-snapshot.schema.spec.ts (5 tests) 6ms
@repo/contracts:test:  ✓ src/risk-registers/schemas/risk-register.schema.spec.ts (6 tests) 6ms
@repo/contracts:test:  ✓ src/frameworks/schemas/control.schema.spec.ts (5 tests) 28ms
@repo/contracts:test:  ✓ src/vulnerabilities/schemas/vulnerability-matching.schema.spec.ts (7 tests) 27ms
@repo/contracts:test:  ✓ src/reporting/schemas/reporting-obligations.schema.spec.ts (11 tests) 53ms
@repo/contracts:test:  ✓ src/vulnerabilities/schemas/vulnerability-enrichment.schema.spec.ts (2 tests) 63ms
@repo/contracts:test:  ✓ src/frameworks/schemas/upgrade.schema.spec.ts (3 tests) 8ms
@repo/contracts:test:  ✓ src/supplier-evidence/schemas/supplier-document-extraction.spec.ts (6 tests) 56ms
@repo/contracts:test:  ✓ src/roles.spec.ts (10 tests) 4ms
@repo/contracts:test:  ✓ src/organization-branding.spec.ts (9 tests) 19ms
@repo/contracts:test:  ✓ src/sboms/schemas/sbom-normalization.schema.spec.ts (2 tests) 4ms
@repo/contracts:test:  ✓ src/sboms/schemas/sbom-ci-integration.schema.spec.ts (5 tests) 10ms
@repo/contracts:test:  ✓ src/vulnerabilities/schemas/vulnerability-vex-export.schema.spec.ts (6 tests) 26ms
@repo/contracts:test:  ✓ src/sboms/schemas/sbom-diff.schema.spec.ts (3 tests) 6ms
@repo/contracts:test:  ✓ src/reporting/schemas/reporting-stage-evidence.schema.spec.ts (4 tests) 7ms
@repo/contracts:test:  ✓ src/vulnerabilities/schemas/vulnerability-triage-note.schema.spec.ts (5 tests) 8ms
@repo/contracts:test:  ✓ src/supplier-evidence/schemas/supplier-evidence.spec.ts (11 tests) 31ms
@repo/contracts:test:  ✓ src/sboms/schemas/sbom-validation.schema.spec.ts (8 tests) 13ms
@repo/contracts:test:  ✓ src/notifications/schemas/chat.schema.spec.ts (4 tests) 24ms
@repo/contracts:test:  ✓ src/technical-files/schemas/technical-file-declaration.schema.spec.ts (5 tests) 9ms
@repo/contracts:test:  ✓ src/legal-entity.spec.ts (12 tests) 16ms
@repo/contracts:test:  ✓ src/vulnerabilities/schemas/vulnerability-remediation-ticket.schema.spec.ts (5 tests) 5ms
@repo/contracts:test:  ✓ src/tasks/schemas/task.schema.spec.ts (9 tests) 12ms
@repo/contracts:test:  ✓ src/technical-files/schemas/technical-file-readiness.schema.spec.ts (7 tests) 14ms
@repo/contracts:test:  ✓ src/evidence/schemas/evidence-retention-deletion.schema.spec.ts (5 tests) 20ms
@repo/contracts:test:  ✓ src/suppliers/schemas/supplier-registry.spec.ts (6 tests) 6ms
@repo/contracts:test:  ✓ src/products/schemas/product-classification.spec.ts (5 tests) 5ms
@repo/contracts:test:  ✓ src/technical-files/schemas/technical-file-auditor-access.schema.spec.ts (4 tests) 4ms
@repo/contracts:test:  ✓ src/sboms/schemas/sbom.schema.spec.ts (10 tests) 37ms
@repo/contracts:test:  ✓ src/menu.spec.ts (15 tests) 3ms
@repo/contracts:test:  ✓ src/sboms/schemas/sbom-composite.schema.spec.ts (4 tests) 12ms
@repo/contracts:test:  ✓ src/frameworks/schemas/custom-framework.schema.spec.ts (4 tests) 7ms
@repo/contracts:test:  ✓ src/products/schemas/product-owner-options.spec.ts (9 tests) 4ms
@repo/contracts:test:  ✓ src/http.spec.ts (7 tests) 3ms
@repo/contracts:test:  ✓ src/sboms/schemas/sbom-supplier.schema.spec.ts (4 tests) 4ms
@repo/contracts:test:  ✓ src/invitations.spec.ts (16 tests) 11ms
@repo/contracts:test:  ✓ src/technical-files/schemas/technical-file.schema.spec.ts (5 tests) 21ms
@repo/contracts:test:  ✓ src/vulnerabilities/schemas/vulnerability-manual-finding.schema.spec.ts (3 tests) 3ms
@repo/contracts:test:  ✓ src/evidence/schemas/evidence-bulk-intake.schema.spec.ts (3 tests) 11ms
@repo/contracts:test:  ✓ src/audit/schemas/audit-chain.schema.spec.ts (7 tests) 22ms
@repo/contracts:test:  ✓ src/products/schemas/support-period-history-query.spec.ts (6 tests) 4ms
@repo/contracts:test:  ✓ src/vulnerabilities/schemas/vulnerability-assessment.schema.spec.ts (5 tests) 9ms
@repo/contracts:test:  ✓ src/organizations/schemas/organization-audit-archival-blocker.spec.ts (2 tests) 3ms
@repo/contracts:test:  ✓ src/sboms/schemas/sbom-export.schema.spec.ts (3 tests) 12ms
@repo/contracts:test:  ✓ src/products/policies/product-classification-policy.spec.ts (11 tests) 6ms
@repo/contracts:test: 
@repo/contracts:test:  Test Files  70 passed (70)
@repo/contracts:test:       Tests  619 passed (619)
@repo/contracts:test:    Start at  14:01:15
@repo/contracts:test:    Duration  4.77s (transform 2.76s, setup 0ms, collect 17.13s, tests 1.33s, environment 20ms, prepare 7.68s)
@repo/contracts:test: 
infrastructure:test: DO
infrastructure:test: psql:<stdin>:56: NOTICE:  ok   signup creates a profile with OIDC names
infrastructure:test: psql:<stdin>:56: NOTICE:  ok   auth email changes synchronize the profile
infrastructure:test: psql:<stdin>:56: NOTICE:  ok   signup links invited profiles without overwriting names
infrastructure:test: ROLLBACK
infrastructure:test: Running tests/m1-organization-onboarding.test.sql
infrastructure:test: Timing is off.
infrastructure:test: CREATE FUNCTION
infrastructure:test: psql:<stdin>:38: NOTICE:  ok   M1 mutation RPCs are service-role-only and pin search_path
infrastructure:test:  check 
infrastructure:test: -------
infrastructure:test:  
infrastructure:test: (1 row)
infrastructure:test: 
infrastructure:test: psql:<stdin>:51: NOTICE:  ok   M1 actor foreign keys have covering indexes
infrastructure:test:  check 
infrastructure:test: -------
infrastructure:test:  
infrastructure:test: (1 row)
infrastructure:test: 
infrastructure:test: BEGIN
infrastructure:test: psql:<stdin>:216: NOTICE:  ok   atomic create returns one organization identifier
infrastructure:test: psql:<stdin>:216: NOTICE:  ok   atomic create persists owner profile onboarding and audit together
infrastructure:test: psql:<stdin>:216: NOTICE:  ok   same idempotency key and canonical payload replay without a duplicate
infrastructure:test: psql:<stdin>:216: NOTICE:  ok   idempotency key reuse with different data has no identifier oracle
infrastructure:test: psql:<stdin>:216: NOTICE:  ok   global legal identity conflict exposes no organization identifier
infrastructure:test: psql:<stdin>:216: NOTICE:  ok   versioned profile update audits redacted contact metadata
infrastructure:test: psql:<stdin>:216: NOTICE:  ok   cross-tenant switch is a generic not-found result
infrastructure:test: psql:<stdin>:216: NOTICE:  ok   out-of-order SBOM evidence is recorded without impossible stage advancement
infrastructure:test: psql:<stdin>:216: NOTICE:  ok   product evidence reconciles contiguous product and prior SBOM stages
infrastructure:test: psql:<stdin>:216: NOTICE:  ok   unavailable evidence never regresses completed historical onboarding
infrastructure:test: psql:<stdin>:216: NOTICE:  ok   confirmed invitation delivery completes the final durable onboarding stages once
infrastructure:test: DO
infrastructure:test: ROLLBACK
infrastructure:test:                           result                           
infrastructure:test: -----------------------------------------------------------
infrastructure:test:  M1 organization/onboarding integration: ALL CHECKS PASSED
infrastructure:test: (1 row)
infrastructure:test: 
infrastructure:test: Running tests/m1-tenant-administration.test.sql
infrastructure:test: Timing is off.
infrastructure:test: CREATE FUNCTION
infrastructure:test: psql:<stdin>:41: NOTICE:  ok   tenant-administration tables exist and use RLS without force
infrastructure:test:  check 
infrastructure:test: -------
infrastructure:test:  
infrastructure:test: (1 row)
infrastructure:test: 
infrastructure:test: psql:<stdin>:103: NOTICE:  ok   mutation RPCs are service-role-only security definers with pinned search paths
infrastructure:test:  check 
infrastructure:test: -------
infrastructure:test:  
infrastructure:test: (1 row)
infrastructure:test: 
infrastructure:test: psql:<stdin>:115: NOTICE:  ok   tenant export storage is private and browser roles cannot mutate objects
infrastructure:test: psql:<stdin>:125: NOTICE:  ok   export redaction is stable rather than incorrectly immutable
infrastructure:test: psql:<stdin>:139: NOTICE:  ok   final materializer uses the business projection and removes replayable fields
infrastructure:test: psql:<stdin>:161: NOTICE:  ok   artifact inventory freezes storage object identity before byte copying
infrastructure:test: psql:<stdin>:171: NOTICE:  ok   export completion compares frozen storage identity with copied artifact ledger
infrastructure:test:  check 
infrastructure:test: -------
infrastructure:test:  
infrastructure:test: (1 row)
infrastructure:test: 
infrastructure:test:  check 
infrastructure:test: -------
infrastructure:test:  
infrastructure:test: (1 row)
infrastructure:test: 
infrastructure:test:  check 
infrastructure:test: -------
infrastructure:test:  
infrastructure:test: (1 row)
infrastructure:test: 
infrastructure:test:  check 
infrastructure:test: -------
infrastructure:test:  
infrastructure:test: (1 row)
infrastructure:test: 
infrastructure:test:  check 
infrastructure:test: -------
infrastructure:test:  
infrastructure:test: (1 row)
infrastructure:test: 
infrastructure:test: BEGIN
infrastructure:test: psql:<stdin>:870: NOTICE:  ok   new organizations start explicitly unconfigured, active, and with a non-empty unique policy set
infrastructure:test: psql:<stdin>:870: NOTICE:  ok   lifecycle read returns not_found for an unknown tenant
infrastructure:test: psql:<stdin>:870: NOTICE:  ok   lifecycle read returns the strict active lifecycle shape
infrastructure:test: psql:<stdin>:870: NOTICE:  ok   settings update validates the server catalog, versions, audits, and maps safely to the contract
infrastructure:test: psql:<stdin>:870: NOTICE:  ok   stale or non-catalog settings reject without partial rows or audits
infrastructure:test: psql:<stdin>:870: NOTICE:  ok   session-policy tightening creates tenant-local revocations
infrastructure:test: psql:<stdin>:870: NOTICE:  ok   retention updates are evidence-class scoped, versioned, and audited
infrastructure:test: psql:<stdin>:870: NOTICE:  ok   rejected retention reconcile leaves no partial authoritative facts
infrastructure:test: psql:<stdin>:870: NOTICE:  ok   retention reconciliation stores deterministic reasons and only raises protection
infrastructure:test: psql:<stdin>:870: NOTICE:  ok   active legal holds block cleanup at final claim recheck
infrastructure:test: psql:<stdin>:870: NOTICE:  ok   expired cleanup leases are reclaimable after worker restart
infrastructure:test: psql:<stdin>:870: NOTICE:  ok   cleanup completion validates and persists each authoritative item result
infrastructure:test: psql:<stdin>:870: NOTICE:  ok   cleanup completion rejects NULL item results without changing pending items
infrastructure:test: psql:<stdin>:870: NOTICE:  ok   cleanup completion rejects duplicate item identifiers and requires the exact pending set
infrastructure:test: psql:<stdin>:870: NOTICE:  ok   cleanup completion persists the exact pending set and leaves no pending item
infrastructure:test: psql:<stdin>:870: NOTICE:  ok   cleanup final recheck persists all block reasons, audit, and the protected item
infrastructure:test: psql:<stdin>:870: NOTICE:  ok   expired cleanup lease holders cannot fail current work
infrastructure:test: psql:<stdin>:870: NOTICE:  ok   export idempotency replays same actor/org/payload and mismatches expose no job id
infrastructure:test: psql:<stdin>:870: NOTICE:  ok   export jobs claim under a durable lease
infrastructure:test: psql:<stdin>:870: NOTICE:  ok   export checkpoint rejects progress without a persisted part ledger
infrastructure:test: psql:<stdin>:870: NOTICE:  ok   export checkpoint rejects duplicate part identities without partial ledger rows
infrastructure:test: psql:<stdin>:870: NOTICE:  ok   export checkpoint persists resumable parts and increments checkpoint version
infrastructure:test: psql:<stdin>:870: NOTICE:  ok   invalid artifact hash fails closed without a downloadable completed export
infrastructure:test: psql:<stdin>:870: NOTICE:  ok   null artifact paths fail closed and cannot create verified exports
infrastructure:test: psql:<stdin>:870: NOTICE:  ok   same-tenant export-like artifact paths fail closed and cannot download
api:test: cache miss, executing 3755f078ce1a36a8
web:test: cache miss, executing b77088435bbadf9b
agent:test: cache miss, executing 6404e8f904c24702
web:test: 
web:test: > web@0.1.0 test /Users/abjmac003/Documents/GitHub/CRA/apps/web
web:test: > vitest run
web:test: 
api:test: 
api:test: > api@0.0.1 test /Users/abjmac003/Documents/GitHub/CRA/apps/api
api:test: > jest
api:test: 
agent:test: 
agent:test: > agent@0.1.0 test /Users/abjmac003/Documents/GitHub/CRA/apps/agent
agent:test: > vitest run
agent:test: 
infrastructure:test: psql:<stdin>:870: NOTICE:  ok   only the canonical export archive path completes and authorizes download
infrastructure:test: psql:<stdin>:870: NOTICE:  ok   export manifest file count includes immutable artifact snapshots
infrastructure:test: psql:<stdin>:870: NOTICE:  ok   expired export lease holders cannot fail current work
infrastructure:test: psql:<stdin>:870: NOTICE:  ok   export checkpoint rejects an empty zero-progress ledger
infrastructure:test: psql:<stdin>:870: NOTICE:  ok   export completion can never complete with zero persisted parts
infrastructure:test: psql:<stdin>:870: NOTICE:  ok   export completion without a materialized snapshot fails durably and audits
infrastructure:test: psql:<stdin>:870: NOTICE:  ok   export worker operations are tenant isolated
infrastructure:test: psql:<stdin>:870: NOTICE:  ok   deactivation synchronizes compatibility state, pauses exports, revokes tenant sessions, and audits
infrastructure:test: psql:<stdin>:870: NOTICE:  ok   destructive grants are one-use and stale transitions reject
infrastructure:test: psql:<stdin>:870: NOTICE:  ok   recovery before purging returns the lifecycle to active
infrastructure:test: psql:<stdin>:870: NOTICE:  ok   purge scheduling compares the exact canonical slug and uses server grace
infrastructure:test: DO
infrastructure:test: ROLLBACK
infrastructure:test: BEGIN
infrastructure:test: psql:<stdin>:941: ERROR:  FAIL final purge recheck persists purge_blocked with every controlling reason and audit
infrastructure:test: CONTEXT:  PL/pgSQL function pg_temp_11."check"(text,boolean) line 6 at RAISE
infrastructure:test: SQL statement "SELECT pg_temp.check(
infrastructure:test:     'final purge recheck persists purge_blocked with every controlling reason and audit',
infrastructure:test:     v_result.outcome = 'blocked'
infrastructure:test:     and (select status = 'purge_blocked' and jsonb_array_length(purge_block_reasons) > 0
infrastructure:test:            from public.organization_lifecycles where organization_id = v_org)
infrastructure:test:     and (select status = 'blocked' and jsonb_array_length(blocked_reasons) > 0
infrastructure:test:            from public.organization_purge_jobs where organization_id = v_org)
infrastructure:test:     and exists (select 1 from public.audit_logs where organization_id = v_org
infrastructure:test:       and action = 'organization.purge_blocked'
infrastructure:test:       and changes->>'phase' = 'final_completion_recheck')
infrastructure:test:     and v_lifecycle.outcome = 'found'
infrastructure:test:     and v_lifecycle.lifecycle->>'status' = 'purge_blocked'
infrastructure:test:     and exists (
infrastructure:test:       select 1 from jsonb_array_elements(v_lifecycle.lifecycle->'blockers') blocker
infrastructure:test:       where blocker->>'kind' = 'legal_hold'
infrastructure:test:         and blocker->>'recordId' = '24000000-0000-4000-8000-000000000011'
infrastructure:test:         and (blocker->>'requiredRetentionDays')::integer = 365
infrastructure:test:     )
infrastructure:test:     and exists (
infrastructure:test:       select 1 from jsonb_array_elements(v_lifecycle.lifecycle->'blockers') blocker
infrastructure:test:       where blocker = jsonb_build_object('kind', 'unavailable', 'code', 'dependency_unavailable')
infrastructure:test:     )
infrastructure:test:   )"
infrastructure:test: PL/pgSQL function inline_code_block line 42 at PERFORM
infrastructure:test:  ELIFECYCLE  Test failed. See above for more details.
agent:test: failed to load config from /Users/abjmac003/Documents/GitHub/CRA/apps/agent/vitest.config.ts
agent:test: 
agent:test: ⎯⎯⎯⎯⎯⎯⎯ Startup Error ⎯⎯⎯⎯⎯⎯⎯⎯
agent:test: Error: The service was stopped: write EPIPE
agent:test:     at /Users/abjmac003/Documents/GitHub/CRA/node_modules/.pnpm/esbuild@0.28.2/node_modules/esbuild/lib/main.js:1234:34
agent:test:     at responseCallbacks.<computed> (/Users/abjmac003/Documents/GitHub/CRA/node_modules/.pnpm/esbuild@0.28.2/node_modules/esbuild/lib/main.js:886:9)
agent:test:     at afterClose (/Users/abjmac003/Documents/GitHub/CRA/node_modules/.pnpm/esbuild@0.28.2/node_modules/esbuild/lib/main.js:877:28)
agent:test:     at /Users/abjmac003/Documents/GitHub/CRA/node_modules/.pnpm/esbuild@0.28.2/node_modules/esbuild/lib/main.js:2280:18
agent:test:     at onwriteError (node:internal/streams/writable:605:3)
agent:test:     at process.processTicksAndRejections (node:internal/process/task_queues:91:21)
agent:test: 
agent:test: 
agent:test: 
api:test:  ELIFECYCLE  Test failed. See above for more details.
web:test:  ELIFECYCLE  Test failed. See above for more details.
agent:test:  ELIFECYCLE  Test failed. See above for more details.
infrastructure#test:  ERROR  command (/Users/abjmac003/Documents/GitHub/CRA/apps/infrastructure) /Users/abjmac003/Library/pnpm/.tools/pnpm/10.33.4/bin/pnpm run test exited (3)

 Tasks:    5 successful, 9 total
Cached:    3 cached, 9 total
  Time:    7.179s 
Failed:    infrastructure#test

 ERROR  run failed: command  exited (3)
 ELIFECYCLE  Test failed. See above for more details.
 ELIFECYCLE  Command failed with exit code 3.
