BEGIN
CREATE EXTENSION
SET
 plan 
------
 1..2
(1 row)

                                     is                                      
-----------------------------------------------------------------------------
 not ok 1 - canonical JSON declares its stable PostgreSQL dependency        +
 # Failed test 1: "canonical JSON declares its stable PostgreSQL dependency"+
 #         have: i                                                          +
 #         want: s
(1 row)

                                       is                                        
---------------------------------------------------------------------------------
 not ok 2 - canonical envelope declares its stable PostgreSQL dependency        +
 # Failed test 2: "canonical envelope declares its stable PostgreSQL dependency"+
 #         have: i                                                              +
 #         want: s
(1 row)

                finish                
--------------------------------------
 # Looks like you failed 2 tests of 2
(1 row)

ROLLBACK
